Archive member included because of file (symbol)

C:/Users/Student8/Desktop/SDK11.16.8.PatchC/SDKTPLUS/HW_TETRA/gnu_473/lib/Platform/libwrapper_tplus.lib(Telium_Fclose.o)
                              Obj/GNU_ARM_DEBUG_TETRA/Entry.o (Telium_Fclose)
C:/Users/Student8/Desktop/SDK11.16.8.PatchC/SDKTPLUS/HW_TETRA/gnu_473/lib/Platform/libwrapper_tplus.lib(Telium_Fopen.o)
                              Obj/GNU_ARM_DEBUG_TETRA/Entry.o (Telium_Fopen)
C:/Users/Student8/Desktop/SDK11.16.8.PatchC/SDKTPLUS/HW_TETRA/gnu_473/lib/Platform/libwrapper_tplus.lib(Telium_Ttestall.o)
                              Obj/GNU_ARM_DEBUG_TETRA/Entry.o (Telium_Ttestall)
C:/Users/Student8/Desktop/SDK11.16.8.PatchC/SDKTPLUS/HW_TETRA/gnu_473/lib/Platform/libwrapper_tplus.lib(Telium_Read_date.o)
                              Obj/GNU_ARM_DEBUG_TETRA/Entry.o (Telium_Read_date)
C:/Users/Student8/Desktop/SDK11.16.8.PatchC/SDKTPLUS/HW_TETRA/gnu_473/lib/Platform/libwrapper_tplus.lib(Telium_ServiceRegister.o)
                              Obj/GNU_ARM_DEBUG_TETRA/Entry.o (Telium_ServiceRegister)
C:/Users/Student8/Desktop/SDK11.16.8.PatchC/SDKTPLUS/HW_TETRA/gnu_473/lib/Platform/libwrapper_tplus.lib(Telium_Pprintf.o)
                              Obj/GNU_ARM_DEBUG_TETRA/Entry.o (Telium_Pprintf)
C:/Users/Student8/Desktop/SDK11.16.8.PatchC/SDKTPLUS/HW_TETRA/gnu_473/lib/Platform/libwrapper_tplus.lib(Telium_Stdprt.o)
                              C:/Users/Student8/Desktop/SDK11.16.8.PatchC/SDKTPLUS/HW_TETRA/gnu_473/lib/Platform/libwrapper_tplus.lib(Telium_Pprintf.o) (Telium_Stdprt)
C:/Users/Student8/Desktop/SDK11.16.8.PatchC/SDKTPLUS/HW_TETRA/gnu_473/lib/Platform/libwrapper_tplus.lib(ApplicationGetCurrent.o)
                              Obj/GNU_ARM_DEBUG_TETRA/Main.o (ApplicationGetCurrent)
C:/Users/Student8/Desktop/SDK11.16.8.PatchC/SDKTPLUS/HW_TETRA/gnu_473/lib/Platform/libwrapper_tplus.lib(FS_close.o)
                              Obj/GNU_ARM_DEBUG_TETRA/Entry.o (FS_close)
C:/Users/Student8/Desktop/SDK11.16.8.PatchC/SDKTPLUS/HW_TETRA/gnu_473/lib/Platform/libwrapper_tplus.lib(FS_length.o)
                              Obj/GNU_ARM_DEBUG_TETRA/Entry.o (FS_length)
C:/Users/Student8/Desktop/SDK11.16.8.PatchC/SDKTPLUS/HW_TETRA/gnu_473/lib/Platform/libwrapper_tplus.lib(FS_mount.o)
                              Obj/GNU_ARM_DEBUG_TETRA/Entry.o (FS_mount)
C:/Users/Student8/Desktop/SDK11.16.8.PatchC/SDKTPLUS/HW_TETRA/gnu_473/lib/Platform/libwrapper_tplus.lib(FS_open.o)
                              Obj/GNU_ARM_DEBUG_TETRA/Entry.o (FS_open)
C:/Users/Student8/Desktop/SDK11.16.8.PatchC/SDKTPLUS/HW_TETRA/gnu_473/lib/Platform/libwrapper_tplus.lib(FS_read.o)
                              Obj/GNU_ARM_DEBUG_TETRA/Entry.o (FS_read)
C:/Users/Student8/Desktop/SDK11.16.8.PatchC/SDKTPLUS/HW_TETRA/gnu_473/lib/Platform/libwrapper_tplus.lib(FS_unmount.o)
                              Obj/GNU_ARM_DEBUG_TETRA/Entry.o (FS_unmount)
C:/Users/Student8/Desktop/SDK11.16.8.PatchC/SDKTPLUS/HW_TETRA/gnu_473/lib/Platform/libwrapper_tplus.lib(ObjectGetInfo.o)
                              Obj/GNU_ARM_DEBUG_TETRA/Entry.o (ObjectGetInfo)
C:/Users/Student8/Desktop/SDK11.16.8.PatchC/SDKTPLUS/HW_TETRA/gnu_473/lib/Platform/libwrapper_tplus.lib(first_init.o)
                              Obj/GNU_ARM_DEBUG_TETRA/Entry.o (first_init)
C:/Users/Student8/Desktop/SDK11.16.8.PatchC/SDKTPLUS/HW_TETRA/gnu_473/lib/Platform/libwrapper_tplus.lib(raz_init.o)
                              Obj/GNU_ARM_DEBUG_TETRA/Entry.o (raz_init)
C:/Users/Student8/Desktop/SDK11.16.8.PatchC/SDKTPLUS/HW_TETRA/gnu_473/lib/Platform/libwrapper_tplus.lib(DisplayFooter.o)
                              Obj/GNU_ARM_DEBUG_TETRA/Menu.o (DisplayFooter)
C:/Users/Student8/Desktop/SDK11.16.8.PatchC/SDKTPLUS/HW_TETRA/gnu_473/lib/Platform/libwrapper_tplus.lib(DisplayHeader.o)
                              Obj/GNU_ARM_DEBUG_TETRA/Menu.o (DisplayHeader)
C:/Users/Student8/Desktop/SDK11.16.8.PatchC/SDKTPLUS/HW_TETRA/gnu_473/lib/Platform/libwrapper_tplus.lib(DisplayLeds.o)
                              Obj/GNU_ARM_DEBUG_TETRA/Menu.o (DisplayLeds)
C:/Users/Student8/Desktop/SDK11.16.8.PatchC/SDKTPLUS/HW_TETRA/gnu_473/lib/Platform/libwrapper_tplus.lib(Telium_Exit.o)
                              C:/Users/Student8/Desktop/SDK11.16.8.PatchC/SDKTPLUS/HW_TETRA/gnu_473/lib/Platform/libwrapper_tplus.lib(Telium_Fclose.o) (Telium_Exit)
C:/Users/Student8/Desktop/SDK11.16.8.PatchC/SDKTPLUS/HW_TETRA/gnu_473/lib/Platform/libwrapper_tplus.lib(emulationtp1.o)
                              C:/Users/Student8/Desktop/SDK11.16.8.PatchC/SDKTPLUS/HW_TETRA/gnu_473/lib/Platform/libwrapper_tplus.lib(DisplayFooter.o) (emulationlib_open)
C:/Users/Student8/Desktop/SDK11.16.8.PatchC/SDKTPLUS/HW_TETRA/gnu_473/lib/Platform/libwrapper_tplus.lib(extenstp1.o)
                              C:/Users/Student8/Desktop/SDK11.16.8.PatchC/SDKTPLUS/HW_TETRA/gnu_473/lib/Platform/libwrapper_tplus.lib(Telium_Fclose.o) (extenslib_open)
[...]
Memory Configuration

Name             Origin             Length             Attributes
*default*        0x00000000         0xffffffff

Linker script and memory map

LOAD C:/Users/Student8/Desktop/POS/IngeDev_8.18.0.5/toolchains/gnuArm47v7a-4/arm-islero-linux-gnueabi/sysroot/usr/lib/crti.o
LOAD C:/Users/Student8/Desktop/POS/IngeDev_8.18.0.5/toolchains/gnuArm47v7a-4/arm-islero-linux-gnueabi/sysroot/usr/lib/crt1.o
LOAD C:/Users/Student8/Desktop/POS/IngeDev_8.18.0.5/toolchains/gnuArm47v7a-4/lib/gcc/arm-islero-linux-gnueabi/4.7.3/crtbegin.o
LOAD C:/Users/Student8/Desktop/SDK11.16.8.PatchC/SDKTPLUS/HW_TETRA/gnu_473/startfiles/startup_tplusentry.o
LOAD Obj/GNU_ARM_DEBUG_TETRA/Main.o
LOAD Obj/GNU_ARM_DEBUG_TETRA/Entry.o
LOAD Obj/GNU_ARM_DEBUG_TETRA/Menu.o
LOAD Obj/GNU_ARM_DEBUG_TETRA/DateScreen.o
LOAD Obj/GNU_ARM_DEBUG_TETRA/Utils.o
LOAD Obj/GNU_ARM_DEBUG_TETRA/MenuProcessor.o
LOAD Obj/GNU_ARM_DEBUG_TETRA/Sales.o
LOAD Obj/GNU_ARM_DEBUG_TETRA/billpayment.o
LOAD Obj/GNU_ARM_DEBUG_TETRA/cashback.o
START GROUP
LOAD C:/Users/Student8/Desktop/SDK11.16.8.PatchC/SDKTPLUS/HW_TETRA/gnu_473/lib/Platform/libSecurityTp.lib
LOAD C:/Users/Student8/Desktop/SDK11.16.8.PatchC/SDKTPLUS/HW_TETRA/gnu_473/lib/Platform/libbluetooth.lib
LOAD C:/Users/Student8/Desktop/SDK11.16.8.PatchC/SDKTPLUS/HW_TETRA/gnu_473/lib/Platform/libwifi.lib
LOAD C:/Users/Student8/Desktop/SDK11.16.8.PatchC/SDKTPLUS/HW_TETRA/gnu_473/lib/Platform/libpackip.lib
LOAD C:/Users/Student8/Desktop/SDK11.16.8.PatchC/SDKTPLUS/HW_TETRA/gnu_473/lib/Platform/libTmsCall_TPlus.lib
LOAD C:/Users/Student8/Desktop/SDK11.16.8.PatchC/SDKTPLUS/HW_TETRA/gnu_473/lib/Platform/SPMCI_TPlus.lib
LOAD C:/Users/Student8/Desktop/SDK11.16.8.PatchC/SDKTPLUS/HW_TETRA/gnu_473/lib/Platform/ExtraGPRS.lib
LOAD C:/Users/Student8/Desktop/SDK11.16.8.PatchC/SDKTPLUS/HW_TETRA/gnu_473/lib/Platform/libndef.lib
LOAD C:/Users/Student8/Desktop/SDK11.16.8.PatchC/SDKTPLUS/HW_TETRA/gnu_473/lib/Platform/TlvTree.lib
LOAD C:/Users/Student8/Desktop/SDK11.16.8.PatchC/SDKTPLUS/HW_TETRA/gnu_473/lib/Platform/libwrapper_tplus.lib
LOAD C:/Users/Student8/Desktop/SDK11.16.8.PatchC/SDKTPLUS/HW_TETRA/gnu_473/lib/Platform/LIBTPLUSMANAGER.LIB
LOAD C:/Users/Student8/Desktop/SDK11.16.8.PatchC/SDKTPLUS/HW_TETRA/gnu_473/lib/Platform/LIBPROTOBUF.T3L
LOAD C:/Users/Student8/Desktop/SDK11.16.8.PatchC/SDKTPLUS/HW_TETRA/gnu_473/lib/Platform/LIBOS.T3L
LOAD C:/Users/Student8/Desktop/SDK11.16.8.PatchC/SDKTPLUS/HW_TETRA/gnu_473/lib/Platform/liblinklayer.lib
LOAD C:/Users/Student8/Desktop/SDK11.16.8.PatchC/SDKTPLUS/HW_TETRA/gnu_473/lib/Platform/SQLITELIB.a
LOAD C:/Users/Student8/Desktop/SDK11.16.8.PatchC/SDKTPLUS/HW_TETRA/gnu_473/lib/Platform/LIBSERVICE.T3L
LOAD C:/Users/Student8/Desktop/SDK11.16.8.PatchC/SDKTPLUS/HW_TETRA/gnu_473/lib/Platform/LIBSVCDIRPX.T3L
LOAD C:/Users/Student8/Desktop/SDK11.16.8.PatchC/SDKTPLUS/HW_TETRA/gnu_473/lib/Platform/LIBSVCDIRSK.T3L
LOAD C:/Users/Student8/Desktop/SDK11.16.8.PatchC/SDKTPLUS/HW_TETRA/gnu_473/lib/Platform/LIBGRAPHICS.T3L
LOAD C:/Users/Student8/Desktop/SDK11.16.8.PatchC/SDKTPLUS/HW_TETRA/gnu_473/lib/Platform\libSec.a
LOAD C:/Users/Student8/Desktop/SDK11.16.8.PatchC/SDKTPLUS/HW_TETRA/gnu_473/lib/Platform\libtpass.a
LOAD C:/Users/Student8/Desktop/SDK11.16.8.PatchC/SDKTPLUS/HW_TETRA/gnu_473/lib/Platform\libgtl.a
LOAD C:/Users/Student8/Desktop/SDK11.16.8.PatchC/SDKTPLUS/HW_TETRA/gnu_473/lib/Platform\libOSLAYER.a
LOAD C:/Users/Student8/Desktop/SDK11.16.8.PatchC/SDKTPLUS/HW_TETRA/gnu_473/lib/Platform\libmifare.a
LOAD C:/Users/Student8/Desktop/SDK11.16.8.PatchC/SDKTPLUS/HW_TETRA/gnu_473/lib/OS/libtelinux.so
LOAD C:/Users/Student8/Desktop/SDK11.16.8.PatchC/SDKTPLUS/HW_TETRA/gnu_473/lib/Platform\libGRAPHICLIB.a
LOAD C:/Users/Student8/Desktop/POS/IngeDev_8.18.0.5/toolchains/gnuArm47v7a-4/arm-islero-linux-gnueabi/sysroot/usr/lib/libc.so
START GROUP
LOAD C:/Users/Student8/Desktop/POS/IngeDev_8.18.0.5/toolchains/gnuArm47v7a-4/arm-islero-linux-gnueabi/sysroot/lib/libc.so.6
LOAD C:/Users/Student8/Desktop/POS/IngeDev_8.18.0.5/toolchains/gnuArm47v7a-4/arm-islero-linux-gnueabi/sysroot/usr/lib/libc_nonshared.a
LOAD C:/Users/Student8/Desktop/POS/IngeDev_8.18.0.5/toolchains/gnuArm47v7a-4/arm-islero-linux-gnueabi/sysroot/lib/ld-linux.so.3
END GROUP
START GROUP
LOAD C:/Users/Student8/Desktop/POS/IngeDev_8.18.0.5/toolchains/gnuArm47v7a-4/arm-islero-linux-gnueabi/sysroot/lib/libc.so.6
LOAD C:/Users/Student8/Desktop/POS/IngeDev_8.18.0.5/toolchains/gnuArm47v7a-4/arm-islero-linux-gnueabi/sysroot/usr/lib/libc_nonshared.a
LOAD C:/Users/Student8/Desktop/POS/IngeDev_8.18.0.5/toolchains/gnuArm47v7a-4/arm-islero-linux-gnueabi/sysroot/lib/ld-linux.so.3
END GROUP
LOAD C:/Users/Student8/Desktop/POS/IngeDev_8.18.0.5/toolchains/gnuArm47v7a-4/lib/gcc/arm-islero-linux-gnueabi/4.7.3\libgcc.a
LOAD C:/Users/Student8/Desktop/POS/IngeDev_8.18.0.5/toolchains/gnuArm47v7a-4/arm-islero-linux-gnueabi/lib/libgcc_s.so
START GROUP
LOAD C:/Users/Student8/Desktop/POS/IngeDev_8.18.0.5/toolchains/gnuArm47v7a-4/arm-islero-linux-gnueabi/lib\libgcc_s.so.1
LOAD C:/Users/Student8/Desktop/POS/IngeDev_8.18.0.5/toolchains/gnuArm47v7a-4/lib/gcc/arm-islero-linux-gnueabi/4.7.3\libgcc.a
END GROUP
START GROUP
LOAD C:/Users/Student8/Desktop/POS/IngeDev_8.18.0.5/toolchains/gnuArm47v7a-4/arm-islero-linux-gnueabi/lib\libgcc_s.so.1
LOAD C:/Users/Student8/Desktop/POS/IngeDev_8.18.0.5/toolchains/gnuArm47v7a-4/lib/gcc/arm-islero-linux-gnueabi/4.7.3\libgcc.a
END GROUP
LOAD C:/Users/Student8/Desktop/POS/IngeDev_8.18.0.5/toolchains/gnuArm47v7a-4/arm-islero-linux-gnueabi/lib/libstdc++.so
END GROUP
LOAD C:/Users/Student8/Desktop/POS/IngeDev_8.18.0.5/toolchains/gnuArm47v7a-4/lib/gcc/arm-islero-linux-gnueabi/4.7.3/crtend.o
LOAD C:/Users/Student8/Desktop/POS/IngeDev_8.18.0.5/toolchains/gnuArm47v7a-4/arm-islero-linux-gnueabi/sysroot/usr/lib/crtn.o
LOAD C:/Users/Student8/Desktop/SDK11.16.8.PatchC/SDKTPLUS/HW_TETRA/gnu_473/startfiles/stapp_legacyexitpoint.o
                0x00008000                PROVIDE (__executable_start, 0x8000)
                0x00008134                . = (0x8000 + SIZEOF_HEADERS)

.interp         0x00008134       0x13
 *(.interp)
 .interp        0x00008134       0x13 C:/Users/Student8/Desktop/POS/IngeDev_8.18.0.5/toolchains/gnuArm47v7a-4/arm-islero-linux-gnueabi/sysroot/usr/lib/crti.o

.note.ABI-tag   0x00008148       0x20
 .note.ABI-tag  0x00008148       0x20 C:/Users/Student8/Desktop/POS/IngeDev_8.18.0.5/toolchains/gnuArm47v7a-4/arm-islero-linux-gnueabi/sysroot/usr/lib/crt1.o

.note.gnu.build-id
 *(.note.gnu.build-id)

.hash           0x00008168      0x16c
 *(.hash)
 .hash          0x00008168      0x16c C:/Users/Student8/Desktop/POS/IngeDev_8.18.0.5/toolchains/gnuArm47v7a-4/arm-islero-linux-gnueabi/sysroot/usr/lib/crti.o

.gnu.hash
 *(.gnu.hash)

.dynsym         0x000082d4      0x340
 *(.dynsym)
 .dynsym        0x000082d4      0x340 C:/Users/Student8/Desktop/POS/IngeDev_8.18.0.5/toolchains/gnuArm47v7a-4/arm-islero-linux-gnueabi/sysroot/usr/lib/crti.o

.dynstr         0x00008614      0x2cf
 *(.dynstr)
 .dynstr        0x00008614      0x2cf C:/Users/Student8/Desktop/POS/IngeDev_8.18.0.5/toolchains/gnuArm47v7a-4/arm-islero-linux-gnueabi/sysroot/usr/lib/crti.o

.gnu.version    0x000088e4       0x68
 *(.gnu.version)
 .gnu.version   0x000088e4       0x68 C:/Users/Student8/Desktop/POS/IngeDev_8.18.0.5/toolchains/gnuArm47v7a-4/arm-islero-linux-gnueabi/sysroot/usr/lib/crti.o

.gnu.version_d  0x0000894c        0x0
 *(.gnu.version_d)
 .gnu.version_d
                0x00000000        0x0 C:/Users/Student8/Desktop/POS/IngeDev_8.18.0.5/toolchains/gnuArm47v7a-4/arm-islero-linux-gnueabi/sysroot/usr/lib/crti.o

.gnu.version_r  0x0000894c       0x80
 *(.gnu.version_r)
 .gnu.version_r
                0x0000894c       0x80 C:/Users/Student8/Desktop/POS/IngeDev_8.18.0.5/toolchains/gnuArm47v7a-4/arm-islero-linux-gnueabi/sysroot/usr/lib/crti.o

.rel.dyn        0x000089cc       0x20
 *(.rel.init)
 *(.rel.text .rel.text.* .rel.gnu.linkonce.t.*)
 *(.rel.fini)
 *(.rel.rodata .rel.rodata.* .rel.gnu.linkonce.r.*)
 *(.rel.data.rel.ro* .rel.gnu.linkonce.d.rel.ro.*)
 *(.rel.data .rel.data.* .rel.gnu.linkonce.d.*)
 *(.rel.tdata .rel.tdata.* .rel.gnu.linkonce.td.*)
 *(.rel.tbss .rel.tbss.* .rel.gnu.linkonce.tb.*)
 *(.rel.ctors)
 *(.rel.dtors)
 *(.rel.got)
 .rel.got       0x000089cc       0x18 C:/Users/Student8/Desktop/POS/IngeDev_8.18.0.5/toolchains/gnuArm47v7a-4/arm-islero-linux-gnueabi/sysroot/usr/lib/crti.o
 *(.rel.bss .rel.bss.* .rel.gnu.linkonce.b.*)
 .rel.bss       0x000089e4        0x8 C:/Users/Student8/Desktop/POS/IngeDev_8.18.0.5/toolchains/gnuArm47v7a-4/arm-islero-linux-gnueabi/sysroot/usr/lib/crti.o
                0x000089ec                PROVIDE (__rel_iplt_start, .)
 *(.rel.iplt)
                0x000089ec                PROVIDE (__rel_iplt_end, .)
                0x000089ec                PROVIDE (__rela_iplt_start, .)
                0x000089ec                PROVIDE (__rela_iplt_end, .)

.rela.dyn       0x000089ec        0x0
 *(.rela.init)
 *(.rela.text .rela.text.* .rela.gnu.linkonce.t.*)
 *(.rela.fini)
 *(.rela.rodata .rela.rodata.* .rela.gnu.linkonce.r.*)
 *(.rela.data .rela.data.* .rela.gnu.linkonce.d.*)
 *(.rela.tdata .rela.tdata.* .rela.gnu.linkonce.td.*)
 *(.rela.tbss .rela.tbss.* .rela.gnu.linkonce.tb.*)
 *(.rela.ctors)
 *(.rela.dtors)
 *(.rela.got)
 *(.rela.bss .rela.bss.* .rela.gnu.linkonce.b.*)
                0x000089ec                PROVIDE (__rel_iplt_start, .)
                0x000089ec                PROVIDE (__rel_iplt_end, .)
                0x000089ec                PROVIDE (__rela_iplt_start, .)
 *(.rela.iplt)
                0x000089ec                PROVIDE (__rela_iplt_end, .)

.rel.plt        0x000089ec      0x128
 *(.rel.plt)
 .rel.plt       0x000089ec      0x128 C:/Users/Student8/Desktop/POS/IngeDev_8.18.0.5/toolchains/gnuArm47v7a-4/arm-islero-linux-gnueabi/sysroot/usr/lib/crti.o

.rela.plt
 *(.rela.plt)

.init           0x00008b14        0xc
 *(.init)
 .init          0x00008b14        0x8 C:/Users/Student8/Desktop/POS/IngeDev_8.18.0.5/toolchains/gnuArm47v7a-4/arm-islero-linux-gnueabi/sysroot/usr/lib/crti.o
                0x00008b14                _init
 .init          0x00008b1c        0x4 C:/Users/Student8/Desktop/POS/IngeDev_8.18.0.5/toolchains/gnuArm47v7a-4/arm-islero-linux-gnueabi/sysroot/usr/lib/crtn.o

.plt            0x00008b20      0x1dc
 *(.plt)
 .plt           0x00008b20      0x1dc C:/Users/Student8/Desktop/POS/IngeDev_8.18.0.5/toolchains/gnuArm47v7a-4/arm-islero-linux-gnueabi/sysroot/usr/lib/crti.o
                0x00008b34                abort@@GLIBC_2.4
                0x00008b40                __xstat@@GLIBC_2.4
                0x00008b4c                __libc_start_main@@GLIBC_2.4
                0x00008b5c                Stapp_LegacyUninstall
                0x00008b74                strncpy@@GLIBC_2.4
                0x00008b80                getenv@@GLIBC_2.4
                0x00008b8c                strchr@@GLIBC_2.4
                0x00008b98                memset@@GLIBC_2.4
                0x00008ba4                perror@@GLIBC_2.4
                0x00008bb0                dlopen@@GLIBC_2.4
                0x00008bbc                Sap_trace_debug
                0x00008bc8                access@@GLIBC_2.4
                0x00008bd4                Odm_AppGetCurrentAppliIdentifier
                0x00008be0                Odm_AppGetAppliTypeFromAppId
                0x00008bec                memcpy@@GLIBC_2.4
                0x00008bf8                strcpy@@GLIBC_2.4
                0x00008c04                iniparser_getint
                0x00008c10                printf@@GLIBC_2.4
                0x00008c20                Stapp_LegacyInstall
                0x00008c2c                atoi@@GLIBC_2.4
                0x00008c38                iniparser_freedict
                0x00008c44                Sys_GetMode
                0x00008c50                __isoc99_scanf@@GLIBC_2.7
                0x00008c5c                pause@@GLIBC_2.4
                0x00008c68                iniparser_load
                0x00008c74                puts@@GLIBC_2.4
                0x00008c80                COREDBG_StackOverFlowSet
                0x00008c8c                getpid@@GLIBC_2.4
                0x00008c98                Oem_upload_diagnostic_txt
                0x00008ca4                snprintf@@GLIBC_2.4
                0x00008cb4                kill@@GLIBC_2.4
                0x00008cc0                exit@@GLIBC_2.4
                0x00008ccc                __errno_location@@GLIBC_2.4
                0x00008cd8                Stapp_LegacyInstall_end
                0x00008ce4                dlsym@@GLIBC_2.4
                0x00008cf0                sprintf@@GLIBC_2.4

.iplt
 *(.iplt)

.text           0x00008d00     0x2ea4
 *(.text.unlikely .text.*_unlikely)
 *(.text.exit .text.exit.*)
 .text.exit     0x00008d00      0x104 C:/Users/Student8/Desktop/SDK11.16.8.PatchC/SDKTPLUS/HW_TETRA/gnu_473/startfiles/stapp_legacyexitpoint.o
                0x00008d00                telinux_after_main_last
                0x00008d3c                telinux_gmon_dump_prepare
 *(.text.startup .text.startup.*)
 .text.startup  0x00008e04       0x14 C:/Users/Student8/Desktop/SDK11.16.8.PatchC/SDKTPLUS/HW_TETRA/gnu_473/startfiles/startup_tplusentry.o
                0x00008e04                main
                0x00008e14                telinux_before_main_first
 *(.text.hot .text.hot.*)
 *(.text .stub .text.* .gnu.linkonce.t.*)
 .text          0x00008e18       0x24 C:/Users/Student8/Desktop/POS/IngeDev_8.18.0.5/toolchains/gnuArm47v7a-4/arm-islero-linux-gnueabi/sysroot/usr/lib/crti.o
 .text          0x00008e3c       0x3c C:/Users/Student8/Desktop/POS/IngeDev_8.18.0.5/toolchains/gnuArm47v7a-4/arm-islero-linux-gnueabi/sysroot/usr/lib/crt1.o
                0x00008e3c                _start
 .text          0x00008e78       0xd8 C:/Users/Student8/Desktop/POS/IngeDev_8.18.0.5/toolchains/gnuArm47v7a-4/lib/gcc/arm-islero-linux-gnueabi/4.7.3/crtbegin.o
 .text          0x00008f50       0x14 C:/Users/Student8/Desktop/SDK11.16.8.PatchC/SDKTPLUS/HW_TETRA/gnu_473/startfiles/startup_tplusentry.o
                0x00008f50                __stack_chk_fail
 .text          0x00008f64      0x300 Obj/GNU_ARM_DEBUG_TETRA/Main.o
                0x00008f64                Main
 .text          0x00009264     0x117c Obj/GNU_ARM_DEBUG_TETRA/Entry.o
                0x00009264                give_your_domain
                0x000092d0                after_reset
                0x0000932c                is_name
                0x000093cc                is_state
                0x0000942c                idle_message
                0x000094f0                more_function
                0x00009530                keyboard_event
                0x00009628                state
                0x00009718                consult
                0x000097d4                mcall
                0x00009890                is_time_function
                0x000098f0                time_function
                0x00009978                is_change_init
                0x00009a1c                modif_param
                0x00009abc                is_evol_pg
                0x00009b1c                is_delete
                0x00009b5c                file_received
                0x00009d00                message_received
                0x00009dbc                is_card_specific
                0x00009e1c                card_inside
                0x00009e6c                is_for_you_after
                0x0000a00c                debit_non_emv
                0x0000a184                give_your_specific_context
                0x0000a2a0                give_interface
                0x0000a314                entry
 .text          0x0000a3e0      0x214 Obj/GNU_ARM_DEBUG_TETRA/Menu.o
                0x0000a3e0                menuGoalDisplay
                0x0000a488                initUIContext
                0x0000a540                releaseUIContext
 .text          0x0000a5f4      0x3b8 Obj/GNU_ARM_DEBUG_TETRA/DateScreen.o
                0x0000a5f4                dateScreenUseGoalResource
 .text          0x0000a9ac       0xd8 Obj/GNU_ARM_DEBUG_TETRA/Utils.o
                0x0000a9ac                utilsCheckDate
 *fill*         0x0000aa84        0x4 00000000
 .text          0x0000aa88      0x140 Obj/GNU_ARM_DEBUG_TETRA/MenuProcessor.o
 .text          0x0000abc8       0x30 Obj/GNU_ARM_DEBUG_TETRA/Sales.o
                0x0000abc8                salesmenu
 .text          0x0000abf8       0x30 Obj/GNU_ARM_DEBUG_TETRA/billpayment.o
                0x0000abf8                billpayment
 .text          0x0000ac28       0x30 Obj/GNU_ARM_DEBUG_TETRA/cashback.o
                0x0000ac28                saleswithcashback
 .text          0x0000ac58       0x64 C:/Users/Student8/Desktop/SDK11.16.8.PatchC/SDKTPLUS/HW_TETRA/gnu_473/lib/Platform/libwrapper_tplus.lib(Telium_Fclose.o)
                0x0000ac68                Telium_Fclose
 .text          0x0000acbc       0x64 C:/Users/Student8/Desktop/SDK11.16.8.PatchC/SDKTPLUS/HW_TETRA/gnu_473/lib/Platform/libwrapper_tplus.lib(Telium_Fopen.o)
                0x0000accc                Telium_Fopen
 .text          0x0000ad20       0x64 C:/Users/Student8/Desktop/SDK11.16.8.PatchC/SDKTPLUS/HW_TETRA/gnu_473/lib/Platform/libwrapper_tplus.lib(Telium_Ttestall.o)
                0x0000ad30                Telium_Ttestall
 .text          0x0000ad84       0x60 C:/Users/Student8/Desktop/SDK11.16.8.PatchC/SDKTPLUS/HW_TETRA/gnu_473/lib/Platform/libwrapper_tplus.lib(Telium_Read_date.o)
                0x0000ad98                Telium_Read_date
 .text          0x0000ade4       0x64 C:/Users/Student8/Desktop/SDK11.16.8.PatchC/SDKTPLUS/HW_TETRA/gnu_473/lib/Platform/libwrapper_tplus.lib(Telium_ServiceRegister.o)
                0x0000adfc                Telium_ServiceRegister
 .text          0x0000ae48       0x2e C:/Users/Student8/Desktop/SDK11.16.8.PatchC/SDKTPLUS/HW_TETRA/gnu_473/lib/Platform/libwrapper_tplus.lib(Telium_Pprintf.o)
                0x0000ae48                Telium_Pprintf
 *fill*         0x0000ae76        0x2 00000000
 .text          0x0000ae78       0x20 C:/Users/Student8/Desktop/SDK11.16.8.PatchC/SDKTPLUS/HW_TETRA/gnu_473/lib/Platform/libwrapper_tplus.lib(Telium_Stdprt.o)
                0x0000ae80                Telium_Stdprt
 .text          0x0000ae98       0x64 C:/Users/Student8/Desktop/SDK11.16.8.PatchC/SDKTPLUS/HW_TETRA/gnu_473/lib/Platform/libwrapper_tplus.lib(ApplicationGetCurrent.o)
                0x0000aeb0                ApplicationGetCurrent
 .text          0x0000aefc       0x58 C:/Users/Student8/Desktop/SDK11.16.8.PatchC/SDKTPLUS/HW_TETRA/gnu_473/lib/Platform/libwrapper_tplus.lib(FS_close.o)
                0x0000af08                FS_close
 .text          0x0000af54       0x58 C:/Users/Student8/Desktop/SDK11.16.8.PatchC/SDKTPLUS/HW_TETRA/gnu_473/lib/Platform/libwrapper_tplus.lib(FS_length.o)
                0x0000af60                FS_length
 .text          0x0000afac       0x58 C:/Users/Student8/Desktop/SDK11.16.8.PatchC/SDKTPLUS/HW_TETRA/gnu_473/lib/Platform/libwrapper_tplus.lib(FS_mount.o)
                0x0000afb8                FS_mount
 .text          0x0000b004       0x54 C:/Users/Student8/Desktop/SDK11.16.8.PatchC/SDKTPLUS/HW_TETRA/gnu_473/lib/Platform/libwrapper_tplus.lib(FS_open.o)
                0x0000b00c                FS_open
 .text          0x0000b058       0x54 C:/Users/Student8/Desktop/SDK11.16.8.PatchC/SDKTPLUS/HW_TETRA/gnu_473/lib/Platform/libwrapper_tplus.lib(FS_read.o)
                0x0000b060                FS_read
 .text          0x0000b0ac       0x58 C:/Users/Student8/Desktop/SDK11.16.8.PatchC/SDKTPLUS/HW_TETRA/gnu_473/lib/Platform/libwrapper_tplus.lib(FS_unmount.o)
                0x0000b0b8                FS_unmount
 .text          0x0000b104       0x5c C:/Users/Student8/Desktop/SDK11.16.8.PatchC/SDKTPLUS/HW_TETRA/gnu_473/lib/Platform/libwrapper_tplus.lib(ObjectGetInfo.o)
                0x0000b114                ObjectGetInfo
 .text          0x0000b160       0x58 C:/Users/Student8/Desktop/SDK11.16.8.PatchC/SDKTPLUS/HW_TETRA/gnu_473/lib/Platform/libwrapper_tplus.lib(first_init.o)
                0x0000b16c                first_init
 .text          0x0000b1b8       0x58 C:/Users/Student8/Desktop/SDK11.16.8.PatchC/SDKTPLUS/HW_TETRA/gnu_473/lib/Platform/libwrapper_tplus.lib(raz_init.o)
                0x0000b1c4                raz_init
 .text          0x0000b210       0x60 C:/Users/Student8/Desktop/SDK11.16.8.PatchC/SDKTPLUS/HW_TETRA/gnu_473/lib/Platform/libwrapper_tplus.lib(DisplayFooter.o)
                0x0000b224                DisplayFooter
 .text          0x0000b270       0x60 C:/Users/Student8/Desktop/SDK11.16.8.PatchC/SDKTPLUS/HW_TETRA/gnu_473/lib/Platform/libwrapper_tplus.lib(DisplayHeader.o)
                0x0000b284                DisplayHeader
 .text          0x0000b2d0       0x5c C:/Users/Student8/Desktop/SDK11.16.8.PatchC/SDKTPLUS/HW_TETRA/gnu_473/lib/Platform/libwrapper_tplus.lib(DisplayLeds.o)
                0x0000b2e0                DisplayLeds
 .text          0x0000b32c       0x5c C:/Users/Student8/Desktop/SDK11.16.8.PatchC/SDKTPLUS/HW_TETRA/gnu_473/lib/Platform/libwrapper_tplus.lib(Telium_Exit.o)
                0x0000b33c                Telium_Exit
 .text          0x0000b388       0x70 C:/Users/Student8/Desktop/SDK11.16.8.PatchC/SDKTPLUS/HW_TETRA/gnu_473/lib/Platform/libwrapper_tplus.lib(emulationtp1.o)
                0x0000b388                GetProcAddressEmulation
                0x0000b3a8                emulationlib_open
                0x0000b3e0                emulationlib_close
 .text          0x0000b3f8       0x7c C:/Users/Student8/Desktop/SDK11.16.8.PatchC/SDKTPLUS/HW_TETRA/gnu_473/lib/Platform/libwrapper_tplus.lib(extenstp1.o)
                0x0000b3f8                GetProcAddressExtens
                0x0000b418                extenslib_open
                0x0000b45c                extenslib_close
 .text          0x0000b474       0x64 C:/Users/Student8/Desktop/SDK11.16.8.PatchC/SDKTPLUS/HW_TETRA/gnu_473/lib/Platform/libwrapper_tplus.lib(Telium_Stdperif.o)
                0x0000b484                Telium_Stdperif
 .text          0x0000b4d8       0x50 C:/Users/Student8/Desktop/SDK11.16.8.PatchC/SDKTPLUS/HW_TETRA/gnu_473/lib/Platform/libwrapper_tplus.lib(extensttrois9.o)
                0x0000b4d8                Telium_Vfprintf
 .text          0x0000b528       0x7c C:/Users/Student8/Desktop/SDK11.16.8.PatchC/SDKTPLUS/HW_TETRA/gnu_473/lib/Platform/libwrapper_tplus.lib(toolstp1.o)
                0x0000b528                GetProcAddressTools
                0x0000b548                toolslib_open
                0x0000b58c                toolslib_close
 .text          0x0000b5a4       0x70 C:/Users/Student8/Desktop/SDK11.16.8.PatchC/SDKTPLUS/HW_TETRA/gnu_473/lib/Platform/libwrapper_tplus.lib(wrappertp1.o)
                0x0000b5a4                GetProcAddressWrapper
                0x0000b5c4                wrapperlib_open
                0x0000b5fc                wrapperlib_close
 .text          0x0000b614       0x20 C:/Users/Student8/Desktop/SDK11.16.8.PatchC/SDKTPLUS/HW_TETRA/gnu_473/lib/Platform\libOSLAYER.a(OSL_Dll_Close.o)
                0x0000b61e                OSL_Dll_Close
 .text          0x0000b634       0x20 C:/Users/Student8/Desktop/SDK11.16.8.PatchC/SDKTPLUS/HW_TETRA/gnu_473/lib/Platform\libOSLAYER.a(OSL_Dll_GetSymbolByName.o)
                0x0000b63e                OSL_Dll_GetSymbolByName
 .text          0x0000b654       0x20 C:/Users/Student8/Desktop/SDK11.16.8.PatchC/SDKTPLUS/HW_TETRA/gnu_473/lib/Platform\libOSLAYER.a(OSL_Dll_OpenByAppliType.o)
                0x0000b65e                OSL_Dll_OpenByAppliType
 .text          0x0000b674       0x10 C:/Users/Student8/Desktop/SDK11.16.8.PatchC/SDKTPLUS/HW_TETRA/gnu_473/lib/Platform\libOSLAYER.a(GCCLink.o)
                0x0000b674                OSL_InitFuncAndBranch
 .text          0x0000b684       0xa8 C:/Users/Student8/Desktop/SDK11.16.8.PatchC/SDKTPLUS/HW_TETRA/gnu_473/lib/Platform\libOSLAYER.a(OSL_link.o)
                0x0000b684                OSL_GetProcAddress
                0x0000b700                OSL_IsPresent
 .text          0x0000b72c       0x24 C:/Users/Student8/Desktop/SDK11.16.8.PatchC/SDKTPLUS/HW_TETRA/gnu_473/lib/Platform\libGRAPHICLIB.a(GL_Dialog_Menu.o)
                0x0000b738                GL_Dialog_Menu
 .text          0x0000b750       0x24 C:/Users/Student8/Desktop/SDK11.16.8.PatchC/SDKTPLUS/HW_TETRA/gnu_473/lib/Platform\libGRAPHICLIB.a(GL_Dialog_Message.o)
                0x0000b75c                GL_Dialog_Message
 .text          0x0000b774       0x80 C:/Users/Student8/Desktop/SDK11.16.8.PatchC/SDKTPLUS/HW_TETRA/gnu_473/lib/Platform\libGRAPHICLIB.a(GL_GraphicLib_Create.o)
                0x0000b774                GL_GraphicLib_Create
                0x0000b7d4                GL_GraphicLib_Create_Init
 .text          0x0000b7f4       0x24 C:/Users/Student8/Desktop/SDK11.16.8.PatchC/SDKTPLUS/HW_TETRA/gnu_473/lib/Platform\libGRAPHICLIB.a(GL_GraphicLib_ReadResource.o)
                0x0000b800                GL_GraphicLib_ReadResource
 .text          0x0000b818       0x24 C:/Users/Student8/Desktop/SDK11.16.8.PatchC/SDKTPLUS/HW_TETRA/gnu_473/lib/Platform\libGRAPHICLIB.a(GL_Label_Create.o)
                0x0000b824                GL_Label_Create
 .text          0x0000b83c       0x24 C:/Users/Student8/Desktop/SDK11.16.8.PatchC/SDKTPLUS/HW_TETRA/gnu_473/lib/Platform\libGRAPHICLIB.a(GL_Message_GetWindow.o)
                0x0000b848                GL_Message_GetWindow
 .text          0x0000b860       0x24 C:/Users/Student8/Desktop/SDK11.16.8.PatchC/SDKTPLUS/HW_TETRA/gnu_473/lib/Platform\libGRAPHICLIB.a(GL_Message_SetResult.o)
                0x0000b86c                GL_Message_SetResult
 .text          0x0000b884       0x24 C:/Users/Student8/Desktop/SDK11.16.8.PatchC/SDKTPLUS/HW_TETRA/gnu_473/lib/Platform\libGRAPHICLIB.a(GL_Widget_Destroy.o)
                0x0000b890                GL_Widget_Destroy
 .text          0x0000b8a8       0x24 C:/Users/Student8/Desktop/SDK11.16.8.PatchC/SDKTPLUS/HW_TETRA/gnu_473/lib/Platform\libGRAPHICLIB.a(GL_Widget_GetText.o)
                0x0000b8b4                GL_Widget_GetText
 .text          0x0000b8cc       0x24 C:/Users/Student8/Desktop/SDK11.16.8.PatchC/SDKTPLUS/HW_TETRA/gnu_473/lib/Platform\libGRAPHICLIB.a(GL_Widget_RegisterCallback.o)
                0x0000b8d8                GL_Widget_RegisterCallback
 .text          0x0000b8f0       0x24 C:/Users/Student8/Desktop/SDK11.16.8.PatchC/SDKTPLUS/HW_TETRA/gnu_473/lib/Platform\libGRAPHICLIB.a(GL_Widget_SearchId.o)
                0x0000b8fc                GL_Widget_SearchId
 .text          0x0000b914       0x24 C:/Users/Student8/Desktop/SDK11.16.8.PatchC/SDKTPLUS/HW_TETRA/gnu_473/lib/Platform\libGRAPHICLIB.a(GL_Widget_SetBackAlign.o)
                0x0000b920                GL_Widget_SetBackAlign
 .text          0x0000b938       0x24 C:/Users/Student8/Desktop/SDK11.16.8.PatchC/SDKTPLUS/HW_TETRA/gnu_473/lib/Platform\libGRAPHICLIB.a(GL_Widget_SetFontScale.o)
                0x0000b944                GL_Widget_SetFontScale
 .text          0x0000b95c       0x24 C:/Users/Student8/Desktop/SDK11.16.8.PatchC/SDKTPLUS/HW_TETRA/gnu_473/lib/Platform\libGRAPHICLIB.a(GL_Widget_SetText.o)
                0x0000b968                GL_Widget_SetText
 .text          0x0000b980       0x24 C:/Users/Student8/Desktop/SDK11.16.8.PatchC/SDKTPLUS/HW_TETRA/gnu_473/lib/Platform\libGRAPHICLIB.a(GL_Window_Create.o)
                0x0000b98c                GL_Window_Create
 .text          0x0000b9a4       0x24 C:/Users/Student8/Desktop/SDK11.16.8.PatchC/SDKTPLUS/HW_TETRA/gnu_473/lib/Platform\libGRAPHICLIB.a(GL_Window_Dispatch.o)
                0x0000b9b0                GL_Window_Dispatch
 .text          0x0000b9c8       0x24 C:/Users/Student8/Desktop/SDK11.16.8.PatchC/SDKTPLUS/HW_TETRA/gnu_473/lib/Platform\libGRAPHICLIB.a(GL_Window_GetResult.o)
                0x0000b9d4                GL_Window_GetResult
 .text          0x0000b9ec       0x24 C:/Users/Student8/Desktop/SDK11.16.8.PatchC/SDKTPLUS/HW_TETRA/gnu_473/lib/Platform\libGRAPHICLIB.a(GL_Window_MainLoop.o)
                0x0000b9f8                GL_Window_MainLoop
 .text          0x0000ba10       0x24 C:/Users/Student8/Desktop/SDK11.16.8.PatchC/SDKTPLUS/HW_TETRA/gnu_473/lib/Platform\libGRAPHICLIB.a(GL_Window_PreviousFocus.o)
                0x0000ba1c                GL_Window_PreviousFocus
 .text          0x0000ba34       0x8c C:/Users/Student8/Desktop/SDK11.16.8.PatchC/SDKTPLUS/HW_TETRA/gnu_473/lib/Platform\libGRAPHICLIB.a(GL_link.o)
                0x0000ba34                GL_GetProcAddressWithoutExit
                0x0000ba94                GL_GetProcAddress
                0x0000bab0                GL_IsPresent
 .text          0x0000bac0       0x2c C:/Users/Student8/Desktop/SDK11.16.8.PatchC/SDKTPLUS/HW_TETRA/gnu_473/lib/Platform\libGRAPHICLIB.a(gl_asm_link.o)
                0x0000bac0                GL_InitFuncAndBranch
                0x0000bad0                GL_Swi_ObjectLoad
                0x0000bade                GL_Swi_DllLink
 .text          0x0000baec       0x68 C:/Users/Student8/Desktop/POS/IngeDev_8.18.0.5/toolchains/gnuArm47v7a-4/arm-islero-linux-gnueabi/sysroot/usr/lib/libc_nonshared.a(elf-init.oS)
                0x0000baec                __libc_csu_init
                0x0000bb50                __libc_csu_fini
 .text          0x0000bb54       0x10 C:/Users/Student8/Desktop/POS/IngeDev_8.18.0.5/toolchains/gnuArm47v7a-4/arm-islero-linux-gnueabi/sysroot/usr/lib/libc_nonshared.a(stat.oS)
                0x0000bb54                stat
                0x0000bb54                __stat
 .text          0x0000bb64       0x20 C:/Users/Student8/Desktop/SDK11.16.8.PatchC/SDKTPLUS/HW_TETRA/gnu_473/lib/Platform\libOSLAYER.a(OSL_Dll_IsPresent.o)
                0x0000bb6e                OSL_Dll_IsPresent
 .text          0x0000bb84       0x20 C:/Users/Student8/Desktop/SDK11.16.8.PatchC/SDKTPLUS/HW_TETRA/gnu_473/lib/Platform\libOSLAYER.a(OSL_Dll_Open.o)
                0x0000bb8e                OSL_Dll_Open
 .text          0x0000bba4        0x0 C:/Users/Student8/Desktop/POS/IngeDev_8.18.0.5/toolchains/gnuArm47v7a-4/lib/gcc/arm-islero-linux-gnueabi/4.7.3/crtend.o
 .text          0x0000bba4        0x0 C:/Users/Student8/Desktop/POS/IngeDev_8.18.0.5/toolchains/gnuArm47v7a-4/arm-islero-linux-gnueabi/sysroot/usr/lib/crtn.o
 .text          0x0000bba4        0x0 C:/Users/Student8/Desktop/SDK11.16.8.PatchC/SDKTPLUS/HW_TETRA/gnu_473/startfiles/stapp_legacyexitpoint.o
 *(.gnu.warning)
 *(.glue_7t)
 .glue_7t       0x00000000        0x0 linker stubs
 *(.glue_7)
 .glue_7        0x00000000        0x0 linker stubs
 *(.vfp11_veneer)
 .vfp11_veneer  0x00000000        0x0 linker stubs
 *(.v4_bx)
 .v4_bx         0x00000000        0x0 linker stubs

.fini           0x0000bba4        0x8
 *(.fini)
 .fini          0x0000bba4        0x4 C:/Users/Student8/Desktop/POS/IngeDev_8.18.0.5/toolchains/gnuArm47v7a-4/arm-islero-linux-gnueabi/sysroot/usr/lib/crti.o
                0x0000bba4                _fini
 .fini          0x0000bba8        0x4 C:/Users/Student8/Desktop/POS/IngeDev_8.18.0.5/toolchains/gnuArm47v7a-4/arm-islero-linux-gnueabi/sysroot/usr/lib/crtn.o
                0x0000bbac                PROVIDE (__etext, .)
                0x0000bbac                PROVIDE (_etext, .)
                0x0000bbac                PROVIDE (etext, .)

.rodata         0x0000bbac      0x5d8
 *(.rodata .rodata.* .gnu.linkonce.r.*)
 .rodata.cst4   0x0000bbac        0x4 C:/Users/Student8/Desktop/POS/IngeDev_8.18.0.5/toolchains/gnuArm47v7a-4/arm-islero-linux-gnueabi/sysroot/usr/lib/crt1.o
                0x0000bbac                _IO_stdin_used
 .rodata        0x0000bbb0      0x2cc Obj/GNU_ARM_DEBUG_TETRA/Entry.o
 .rodata        0x0000be7c       0x6c Obj/GNU_ARM_DEBUG_TETRA/Menu.o
 .rodata        0x0000bee8       0xa4 Obj/GNU_ARM_DEBUG_TETRA/DateScreen.o
                0x0000bee8                DATESCREEN_OK_STATUS
                0x0000beec                DATESCREEN_CANCEL_STATUS
 .rodata        0x0000bf8c       0x74 Obj/GNU_ARM_DEBUG_TETRA/MenuProcessor.o
 .rodata.str1.1
                0x0000c000        0x8 C:/Users/Student8/Desktop/SDK11.16.8.PatchC/SDKTPLUS/HW_TETRA/gnu_473/lib/Platform/libwrapper_tplus.lib(extenstp1.o)
 .rodata.str1.1
                0x0000c008       0x10 C:/Users/Student8/Desktop/SDK11.16.8.PatchC/SDKTPLUS/HW_TETRA/gnu_473/lib/Platform/libwrapper_tplus.lib(extensttrois9.o)
 .rodata.str1.1
                0x00000000        0x8 C:/Users/Student8/Desktop/SDK11.16.8.PatchC/SDKTPLUS/HW_TETRA/gnu_473/lib/Platform/libwrapper_tplus.lib(toolstp1.o)
 .rodata.str1.1
                0x0000c018       0x60 C:/Users/Student8/Desktop/SDK11.16.8.PatchC/SDKTPLUS/HW_TETRA/gnu_473/lib/Platform\libOSLAYER.a(OSL_link.o)
 .rodata.str1.1
                0x0000c078       0x6a C:/Users/Student8/Desktop/SDK11.16.8.PatchC/SDKTPLUS/HW_TETRA/gnu_473/lib/Platform\libGRAPHICLIB.a(GL_link.o)
 *fill*         0x0000c0e2        0x2 00
 .rodata        0x0000c0e4       0x18 C:/Users/Student8/Desktop/SDK11.16.8.PatchC/SDKTPLUS/HW_TETRA/gnu_473/startfiles/stapp_legacyexitpoint.o
 .rodata.str1.4
                0x0000c0fc       0x88 C:/Users/Student8/Desktop/SDK11.16.8.PatchC/SDKTPLUS/HW_TETRA/gnu_473/startfiles/stapp_legacyexitpoint.o
                                 0x86 (size before relaxing)

.rodata1
 *(.rodata1)

.ARM.extab      0x0000c184        0x0
 *(.ARM.extab* .gnu.linkonce.armextab.*)
 .ARM.extab     0x0000c184        0x0 C:/Users/Student8/Desktop/POS/IngeDev_8.18.0.5/toolchains/gnuArm47v7a-4/arm-islero-linux-gnueabi/sysroot/usr/lib/crt1.o
                0x0000c184                PROVIDE (__exidx_start, .)

.ARM.exidx      0x0000c184        0x8
 *(.ARM.exidx* .gnu.linkonce.armexidx.*)
 .ARM.exidx     0x0000c184        0x8 C:/Users/Student8/Desktop/POS/IngeDev_8.18.0.5/toolchains/gnuArm47v7a-4/arm-islero-linux-gnueabi/sysroot/usr/lib/crt1.o
                0x0000c18c                PROVIDE (__exidx_end, .)

.eh_frame_hdr
 *(.eh_frame_hdr)

.eh_frame       0x0000c18c        0x4
 *(.eh_frame)
 .eh_frame      0x0000c18c        0x4 C:/Users/Student8/Desktop/POS/IngeDev_8.18.0.5/toolchains/gnuArm47v7a-4/lib/gcc/arm-islero-linux-gnueabi/4.7.3/crtend.o

.gcc_except_table
 *(.gcc_except_table .gcc_except_table.*)
                0x0000c190                . = (ALIGN (0x8000) - ((0x8000 - .) & 0x7fff))
                0x00014190                . = DATA_SEGMENT_ALIGN (0x8000, 0x1000)

.eh_frame
 *(.eh_frame)

.gcc_except_table
 *(.gcc_except_table .gcc_except_table.*)

.tdata
 *(.tdata .tdata.* .gnu.linkonce.td.*)

.tbss
 *(.tbss .tbss.* .gnu.linkonce.tb.*)
 *(.tcommon)

.preinit_array  0x00014190        0x0
                0x00014190                PROVIDE (__preinit_array_start, .)
 *(.preinit_array)
                0x00014190                PROVIDE (__preinit_array_end, .)

.init_array     0x00014190        0x8
                0x00014190                PROVIDE (__init_array_start, .)
 *(SORT(.init_array.*))
 .init_array.00101
                0x00014190        0x4 C:/Users/Student8/Desktop/SDK11.16.8.PatchC/SDKTPLUS/HW_TETRA/gnu_473/startfiles/startup_tplusentry.o
 *(.init_array)
 .init_array    0x00014194        0x4 C:/Users/Student8/Desktop/POS/IngeDev_8.18.0.5/toolchains/gnuArm47v7a-4/lib/gcc/arm-islero-linux-gnueabi/4.7.3/crtbegin.o
                0x00014198                PROVIDE (__init_array_end, .)

.fini_array     0x00014198        0xc
                0x00014198                PROVIDE (__fini_array_start, .)
 *(SORT(.fini_array.*))
 .fini_array.00101
                0x00014198        0x4 C:/Users/Student8/Desktop/SDK11.16.8.PatchC/SDKTPLUS/HW_TETRA/gnu_473/startfiles/stapp_legacyexitpoint.o
 .fini_array.00201
                0x0001419c        0x4 C:/Users/Student8/Desktop/SDK11.16.8.PatchC/SDKTPLUS/HW_TETRA/gnu_473/startfiles/stapp_legacyexitpoint.o
 *(.fini_array)
 .fini_array    0x000141a0        0x4 C:/Users/Student8/Desktop/POS/IngeDev_8.18.0.5/toolchains/gnuArm47v7a-4/lib/gcc/arm-islero-linux-gnueabi/4.7.3/crtbegin.o
                0x000141a4                PROVIDE (__fini_array_end, .)

.ctors
 *crtbegin.o(.ctors)
 *crtbegin?.o(.ctors)
 *(EXCLUDE_FILE(*crtend?.o *crtend.o) .ctors)
 *(SORT(.ctors.*))
 *(.ctors)

.dtors
 *crtbegin.o(.dtors)
 *crtbegin?.o(.dtors)
 *(EXCLUDE_FILE(*crtend?.o *crtend.o) .dtors)
 *(SORT(.dtors.*))
 *(.dtors)

.jcr            0x000141a4        0x4
 *(.jcr)
 .jcr           0x000141a4        0x0 C:/Users/Student8/Desktop/POS/IngeDev_8.18.0.5/toolchains/gnuArm47v7a-4/lib/gcc/arm-islero-linux-gnueabi/4.7.3/crtbegin.o
 .jcr           0x000141a4        0x4 C:/Users/Student8/Desktop/POS/IngeDev_8.18.0.5/toolchains/gnuArm47v7a-4/lib/gcc/arm-islero-linux-gnueabi/4.7.3/crtend.o

.data.rel.ro
 *(.data.rel.ro.local* .gnu.linkonce.d.rel.ro.local.*)
 *(.data.rel.ro* .gnu.linkonce.d.rel.ro.*)

.dynamic        0x000141a8      0x100
 *(.dynamic)
 .dynamic       0x000141a8      0x100 C:/Users/Student8/Desktop/POS/IngeDev_8.18.0.5/toolchains/gnuArm47v7a-4/arm-islero-linux-gnueabi/sysroot/usr/lib/crti.o
                0x000141a8                _DYNAMIC
                0x000142a8                . = DATA_SEGMENT_RELRO_END (., 0x0)

.got            0x000142a8       0xe0
 *(.got.plt)
 .got.plt       0x000142a8       0xa0 C:/Users/Student8/Desktop/POS/IngeDev_8.18.0.5/toolchains/gnuArm47v7a-4/arm-islero-linux-gnueabi/sysroot/usr/lib/crti.o
                0x000142a8                _GLOBAL_OFFSET_TABLE_
 *(.igot.plt)
 *(.got)
 .got           0x00014348       0x40 C:/Users/Student8/Desktop/POS/IngeDev_8.18.0.5/toolchains/gnuArm47v7a-4/arm-islero-linux-gnueabi/sysroot/usr/lib/crti.o
 *(.igot)

.data           0x00014390      0x2a8
                0x00014390                PROVIDE (__data_start, .)
 *(.data .data.* .gnu.linkonce.d.*)
 .data          0x00014390        0x0 C:/Users/Student8/Desktop/POS/IngeDev_8.18.0.5/toolchains/gnuArm47v7a-4/arm-islero-linux-gnueabi/sysroot/usr/lib/crti.o
 .data          0x00014390        0x4 C:/Users/Student8/Desktop/POS/IngeDev_8.18.0.5/toolchains/gnuArm47v7a-4/arm-islero-linux-gnueabi/sysroot/usr/lib/crt1.o
                0x00014390                __data_start
                0x00014390                data_start
 .data          0x00014394        0x4 C:/Users/Student8/Desktop/POS/IngeDev_8.18.0.5/toolchains/gnuArm47v7a-4/lib/gcc/arm-islero-linux-gnueabi/4.7.3/crtbegin.o
                0x00014394                __dso_handle
 .data          0x00014398        0x0 C:/Users/Student8/Desktop/SDK11.16.8.PatchC/SDKTPLUS/HW_TETRA/gnu_473/startfiles/startup_tplusentry.o
 .data          0x00014398        0x0 Obj/GNU_ARM_DEBUG_TETRA/Main.o
 .data          0x00014398      0x108 Obj/GNU_ARM_DEBUG_TETRA/Entry.o
 .data          0x000144a0        0x0 Obj/GNU_ARM_DEBUG_TETRA/Menu.o
 .data          0x000144a0        0x0 Obj/GNU_ARM_DEBUG_TETRA/DateScreen.o
 .data          0x000144a0        0x0 Obj/GNU_ARM_DEBUG_TETRA/Utils.o
 .data          0x000144a0        0x0 Obj/GNU_ARM_DEBUG_TETRA/MenuProcessor.o
 .data          0x000144a0        0x0 Obj/GNU_ARM_DEBUG_TETRA/Sales.o
 .data          0x000144a0        0x0 Obj/GNU_ARM_DEBUG_TETRA/billpayment.o
 .data          0x000144a0        0x0 Obj/GNU_ARM_DEBUG_TETRA/cashback.o
 .data          0x000144a0        0x4 C:/Users/Student8/Desktop/SDK11.16.8.PatchC/SDKTPLUS/HW_TETRA/gnu_473/lib/Platform/libwrapper_tplus.lib(Telium_Fclose.o)
 .data          0x000144a4        0x4 C:/Users/Student8/Desktop/SDK11.16.8.PatchC/SDKTPLUS/HW_TETRA/gnu_473/lib/Platform/libwrapper_tplus.lib(Telium_Fopen.o)
 .data          0x000144a8        0x4 C:/Users/Student8/Desktop/SDK11.16.8.PatchC/SDKTPLUS/HW_TETRA/gnu_473/lib/Platform/libwrapper_tplus.lib(Telium_Ttestall.o)
 .data          0x000144ac        0x4 C:/Users/Student8/Desktop/SDK11.16.8.PatchC/SDKTPLUS/HW_TETRA/gnu_473/lib/Platform/libwrapper_tplus.lib(Telium_Read_date.o)
 .data          0x000144b0        0x4 C:/Users/Student8/Desktop/SDK11.16.8.PatchC/SDKTPLUS/HW_TETRA/gnu_473/lib/Platform/libwrapper_tplus.lib(Telium_ServiceRegister.o)
 .data          0x000144b4        0x0 C:/Users/Student8/Desktop/SDK11.16.8.PatchC/SDKTPLUS/HW_TETRA/gnu_473/lib/Platform/libwrapper_tplus.lib(Telium_Pprintf.o)
 .data          0x000144b4        0x0 C:/Users/Student8/Desktop/SDK11.16.8.PatchC/SDKTPLUS/HW_TETRA/gnu_473/lib/Platform/libwrapper_tplus.lib(Telium_Stdprt.o)
 .data          0x000144b4        0x4 C:/Users/Student8/Desktop/SDK11.16.8.PatchC/SDKTPLUS/HW_TETRA/gnu_473/lib/Platform/libwrapper_tplus.lib(ApplicationGetCurrent.o)
 .data          0x000144b8        0x4 C:/Users/Student8/Desktop/SDK11.16.8.PatchC/SDKTPLUS/HW_TETRA/gnu_473/lib/Platform/libwrapper_tplus.lib(FS_close.o)
 .data          0x000144bc        0x4 C:/Users/Student8/Desktop/SDK11.16.8.PatchC/SDKTPLUS/HW_TETRA/gnu_473/lib/Platform/libwrapper_tplus.lib(FS_length.o)
 .data          0x000144c0        0x4 C:/Users/Student8/Desktop/SDK11.16.8.PatchC/SDKTPLUS/HW_TETRA/gnu_473/lib/Platform/libwrapper_tplus.lib(FS_mount.o)
 .data          0x000144c4        0x4 C:/Users/Student8/Desktop/SDK11.16.8.PatchC/SDKTPLUS/HW_TETRA/gnu_473/lib/Platform/libwrapper_tplus.lib(FS_open.o)
 .data          0x000144c8        0x4 C:/Users/Student8/Desktop/SDK11.16.8.PatchC/SDKTPLUS/HW_TETRA/gnu_473/lib/Platform/libwrapper_tplus.lib(FS_read.o)
 .data          0x000144cc        0x4 C:/Users/Student8/Desktop/SDK11.16.8.PatchC/SDKTPLUS/HW_TETRA/gnu_473/lib/Platform/libwrapper_tplus.lib(FS_unmount.o)
 .data          0x000144d0        0x4 C:/Users/Student8/Desktop/SDK11.16.8.PatchC/SDKTPLUS/HW_TETRA/gnu_473/lib/Platform/libwrapper_tplus.lib(ObjectGetInfo.o)
 .data          0x000144d4        0x4 C:/Users/Student8/Desktop/SDK11.16.8.PatchC/SDKTPLUS/HW_TETRA/gnu_473/lib/Platform/libwrapper_tplus.lib(first_init.o)
 .data          0x000144d8        0x4 C:/Users/Student8/Desktop/SDK11.16.8.PatchC/SDKTPLUS/HW_TETRA/gnu_473/lib/Platform/libwrapper_tplus.lib(raz_init.o)
 .data          0x000144dc        0x4 C:/Users/Student8/Desktop/SDK11.16.8.PatchC/SDKTPLUS/HW_TETRA/gnu_473/lib/Platform/libwrapper_tplus.lib(DisplayFooter.o)
 .data          0x000144e0        0x4 C:/Users/Student8/Desktop/SDK11.16.8.PatchC/SDKTPLUS/HW_TETRA/gnu_473/lib/Platform/libwrapper_tplus.lib(DisplayHeader.o)
 .data          0x000144e4        0x4 C:/Users/Student8/Desktop/SDK11.16.8.PatchC/SDKTPLUS/HW_TETRA/gnu_473/lib/Platform/libwrapper_tplus.lib(DisplayLeds.o)
 .data          0x000144e8        0x4 C:/Users/Student8/Desktop/SDK11.16.8.PatchC/SDKTPLUS/HW_TETRA/gnu_473/lib/Platform/libwrapper_tplus.lib(Telium_Exit.o)
 .data          0x000144ec        0x0 C:/Users/Student8/Desktop/SDK11.16.8.PatchC/SDKTPLUS/HW_TETRA/gnu_473/lib/Platform/libwrapper_tplus.lib(emulationtp1.o)
 .data          0x000144ec        0x0 C:/Users/Student8/Desktop/SDK11.16.8.PatchC/SDKTPLUS/HW_TETRA/gnu_473/lib/Platform/libwrapper_tplus.lib(extenstp1.o)
 .data          0x000144ec        0x4 C:/Users/Student8/Desktop/SDK11.16.8.PatchC/SDKTPLUS/HW_TETRA/gnu_473/lib/Platform/libwrapper_tplus.lib(Telium_Stdperif.o)
 .data          0x000144f0        0x0 C:/Users/Student8/Desktop/SDK11.16.8.PatchC/SDKTPLUS/HW_TETRA/gnu_473/lib/Platform/libwrapper_tplus.lib(extensttrois9.o)
 .data          0x000144f0        0x0 C:/Users/Student8/Desktop/SDK11.16.8.PatchC/SDKTPLUS/HW_TETRA/gnu_473/lib/Platform/libwrapper_tplus.lib(toolstp1.o)
 .data          0x000144f0        0x0 C:/Users/Student8/Desktop/SDK11.16.8.PatchC/SDKTPLUS/HW_TETRA/gnu_473/lib/Platform/libwrapper_tplus.lib(wrappertp1.o)
 .data          0x000144f0        0x4 C:/Users/Student8/Desktop/SDK11.16.8.PatchC/SDKTPLUS/HW_TETRA/gnu_473/lib/Platform\libOSLAYER.a(OSL_Dll_Close.o)
 .data          0x000144f4        0x4 C:/Users/Student8/Desktop/SDK11.16.8.PatchC/SDKTPLUS/HW_TETRA/gnu_473/lib/Platform\libOSLAYER.a(OSL_Dll_GetSymbolByName.o)
 .data          0x000144f8        0x4 C:/Users/Student8/Desktop/SDK11.16.8.PatchC/SDKTPLUS/HW_TETRA/gnu_473/lib/Platform\libOSLAYER.a(OSL_Dll_OpenByAppliType.o)
 .data          0x000144fc        0x0 C:/Users/Student8/Desktop/SDK11.16.8.PatchC/SDKTPLUS/HW_TETRA/gnu_473/lib/Platform\libOSLAYER.a(GCCLink.o)
 .data          0x000144fc        0x0 C:/Users/Student8/Desktop/SDK11.16.8.PatchC/SDKTPLUS/HW_TETRA/gnu_473/lib/Platform\libOSLAYER.a(OSL_link.o)
 *fill*         0x000144fc        0x4 00
 .data          0x00014500       0x10 C:/Users/Student8/Desktop/SDK11.16.8.PatchC/SDKTPLUS/HW_TETRA/gnu_473/lib/Platform\libGRAPHICLIB.a(GL_Dialog_Menu.o)
 .data          0x00014510       0x10 C:/Users/Student8/Desktop/SDK11.16.8.PatchC/SDKTPLUS/HW_TETRA/gnu_473/lib/Platform\libGRAPHICLIB.a(GL_Dialog_Message.o)
 .data          0x00014520        0x0 C:/Users/Student8/Desktop/SDK11.16.8.PatchC/SDKTPLUS/HW_TETRA/gnu_473/lib/Platform\libGRAPHICLIB.a(GL_GraphicLib_Create.o)
 .data.rel      0x00014520        0x4 C:/Users/Student8/Desktop/SDK11.16.8.PatchC/SDKTPLUS/HW_TETRA/gnu_473/lib/Platform\libGRAPHICLIB.a(GL_GraphicLib_Create.o)
 *fill*         0x00014524        0xc 00
 .data          0x00014530       0x10 C:/Users/Student8/Desktop/SDK11.16.8.PatchC/SDKTPLUS/HW_TETRA/gnu_473/lib/Platform\libGRAPHICLIB.a(GL_GraphicLib_ReadResource.o)
 .data          0x00014540       0x10 C:/Users/Student8/Desktop/SDK11.16.8.PatchC/SDKTPLUS/HW_TETRA/gnu_473/lib/Platform\libGRAPHICLIB.a(GL_Label_Create.o)
 .data          0x00014550       0x10 C:/Users/Student8/Desktop/SDK11.16.8.PatchC/SDKTPLUS/HW_TETRA/gnu_473/lib/Platform\libGRAPHICLIB.a(GL_Message_GetWindow.o)
 .data          0x00014560       0x10 C:/Users/Student8/Desktop/SDK11.16.8.PatchC/SDKTPLUS/HW_TETRA/gnu_473/lib/Platform\libGRAPHICLIB.a(GL_Message_SetResult.o)
 .data          0x00014570       0x10 C:/Users/Student8/Desktop/SDK11.16.8.PatchC/SDKTPLUS/HW_TETRA/gnu_473/lib/Platform\libGRAPHICLIB.a(GL_Widget_Destroy.o)
 .data          0x00014580       0x10 C:/Users/Student8/Desktop/SDK11.16.8.PatchC/SDKTPLUS/HW_TETRA/gnu_473/lib/Platform\libGRAPHICLIB.a(GL_Widget_GetText.o)
 .data          0x00014590       0x10 C:/Users/Student8/Desktop/SDK11.16.8.PatchC/SDKTPLUS/HW_TETRA/gnu_473/lib/Platform\libGRAPHICLIB.a(GL_Widget_RegisterCallback.o)
 .data          0x000145a0       0x10 C:/Users/Student8/Desktop/SDK11.16.8.PatchC/SDKTPLUS/HW_TETRA/gnu_473/lib/Platform\libGRAPHICLIB.a(GL_Widget_SearchId.o)
 .data          0x000145b0       0x10 C:/Users/Student8/Desktop/SDK11.16.8.PatchC/SDKTPLUS/HW_TETRA/gnu_473/lib/Platform\libGRAPHICLIB.a(GL_Widget_SetBackAlign.o)
 .data          0x000145c0       0x10 C:/Users/Student8/Desktop/SDK11.16.8.PatchC/SDKTPLUS/HW_TETRA/gnu_473/lib/Platform\libGRAPHICLIB.a(GL_Widget_SetFontScale.o)
 .data          0x000145d0       0x10 C:/Users/Student8/Desktop/SDK11.16.8.PatchC/SDKTPLUS/HW_TETRA/gnu_473/lib/Platform\libGRAPHICLIB.a(GL_Widget_SetText.o)
 .data          0x000145e0       0x10 C:/Users/Student8/Desktop/SDK11.16.8.PatchC/SDKTPLUS/HW_TETRA/gnu_473/lib/Platform\libGRAPHICLIB.a(GL_Window_Create.o)
 .data          0x000145f0       0x10 C:/Users/Student8/Desktop/SDK11.16.8.PatchC/SDKTPLUS/HW_TETRA/gnu_473/lib/Platform\libGRAPHICLIB.a(GL_Window_Dispatch.o)
 .data          0x00014600       0x10 C:/Users/Student8/Desktop/SDK11.16.8.PatchC/SDKTPLUS/HW_TETRA/gnu_473/lib/Platform\libGRAPHICLIB.a(GL_Window_GetResult.o)
 .data          0x00014610       0x10 C:/Users/Student8/Desktop/SDK11.16.8.PatchC/SDKTPLUS/HW_TETRA/gnu_473/lib/Platform\libGRAPHICLIB.a(GL_Window_MainLoop.o)
 .data          0x00014620       0x10 C:/Users/Student8/Desktop/SDK11.16.8.PatchC/SDKTPLUS/HW_TETRA/gnu_473/lib/Platform\libGRAPHICLIB.a(GL_Window_PreviousFocus.o)
 .data          0x00014630        0x0 C:/Users/Student8/Desktop/SDK11.16.8.PatchC/SDKTPLUS/HW_TETRA/gnu_473/lib/Platform\libGRAPHICLIB.a(GL_link.o)
 .data          0x00014630        0x0 C:/Users/Student8/Desktop/SDK11.16.8.PatchC/SDKTPLUS/HW_TETRA/gnu_473/lib/Platform\libGRAPHICLIB.a(gl_asm_link.o)
 .data          0x00014630        0x0 C:/Users/Student8/Desktop/POS/IngeDev_8.18.0.5/toolchains/gnuArm47v7a-4/arm-islero-linux-gnueabi/sysroot/usr/lib/libc_nonshared.a(elf-init.oS)
 .data          0x00014630        0x0 C:/Users/Student8/Desktop/POS/IngeDev_8.18.0.5/toolchains/gnuArm47v7a-4/arm-islero-linux-gnueabi/sysroot/usr/lib/libc_nonshared.a(stat.oS)
 .data          0x00014630        0x4 C:/Users/Student8/Desktop/SDK11.16.8.PatchC/SDKTPLUS/HW_TETRA/gnu_473/lib/Platform\libOSLAYER.a(OSL_Dll_IsPresent.o)
 .data          0x00014634        0x4 C:/Users/Student8/Desktop/SDK11.16.8.PatchC/SDKTPLUS/HW_TETRA/gnu_473/lib/Platform\libOSLAYER.a(OSL_Dll_Open.o)
 .data          0x00014638        0x0 C:/Users/Student8/Desktop/POS/IngeDev_8.18.0.5/toolchains/gnuArm47v7a-4/lib/gcc/arm-islero-linux-gnueabi/4.7.3/crtend.o
 .data          0x00014638        0x0 C:/Users/Student8/Desktop/POS/IngeDev_8.18.0.5/toolchains/gnuArm47v7a-4/arm-islero-linux-gnueabi/sysroot/usr/lib/crtn.o
 .data          0x00014638        0x0 C:/Users/Student8/Desktop/SDK11.16.8.PatchC/SDKTPLUS/HW_TETRA/gnu_473/startfiles/stapp_legacyexitpoint.o

.tm_clone_table
                0x00014638        0x0
 .tm_clone_table
                0x00014638        0x0 C:/Users/Student8/Desktop/POS/IngeDev_8.18.0.5/toolchains/gnuArm47v7a-4/lib/gcc/arm-islero-linux-gnueabi/4.7.3/crtbegin.o
 .tm_clone_table
                0x00014638        0x0 C:/Users/Student8/Desktop/POS/IngeDev_8.18.0.5/toolchains/gnuArm47v7a-4/lib/gcc/arm-islero-linux-gnueabi/4.7.3/crtend.o

.data1
 *(.data1)
                0x00014638                _edata = .
                0x00014638                PROVIDE (edata, .)
                0x00014638                __bss_start = .
                0x00014638                __bss_start__ = .

.bss            0x00014638       0x84
 *(.dynbss)
 .dynbss        0x00014638        0x4 C:/Users/Student8/Desktop/POS/IngeDev_8.18.0.5/toolchains/gnuArm47v7a-4/arm-islero-linux-gnueabi/sysroot/usr/lib/crti.o
                0x00014638                __stack_chk_guard@@GLIBC_2.4
 *(.bss .bss.* .gnu.linkonce.b.*)
 .bss           0x0001463c        0x0 C:/Users/Student8/Desktop/POS/IngeDev_8.18.0.5/toolchains/gnuArm47v7a-4/arm-islero-linux-gnueabi/sysroot/usr/lib/crti.o
 .bss           0x0001463c        0x0 C:/Users/Student8/Desktop/POS/IngeDev_8.18.0.5/toolchains/gnuArm47v7a-4/arm-islero-linux-gnueabi/sysroot/usr/lib/crt1.o
 .bss           0x0001463c        0x1 C:/Users/Student8/Desktop/POS/IngeDev_8.18.0.5/toolchains/gnuArm47v7a-4/lib/gcc/arm-islero-linux-gnueabi/4.7.3/crtbegin.o
 .bss           0x0001463d        0x0 C:/Users/Student8/Desktop/SDK11.16.8.PatchC/SDKTPLUS/HW_TETRA/gnu_473/startfiles/startup_tplusentry.o
 .bss           0x0001463d        0x0 Obj/GNU_ARM_DEBUG_TETRA/Main.o
 *fill*         0x0001463d        0x3 00
 .bss           0x00014640       0x34 Obj/GNU_ARM_DEBUG_TETRA/Entry.o
                0x00014640                gGoalGraphicLibInstance
 .bss           0x00014674        0x8 Obj/GNU_ARM_DEBUG_TETRA/Menu.o
 .bss           0x0001467c        0x0 Obj/GNU_ARM_DEBUG_TETRA/DateScreen.o
 .bss           0x0001467c        0x0 Obj/GNU_ARM_DEBUG_TETRA/Utils.o
 .bss           0x0001467c        0x0 Obj/GNU_ARM_DEBUG_TETRA/MenuProcessor.o
 .bss           0x0001467c        0x0 Obj/GNU_ARM_DEBUG_TETRA/Sales.o
 .bss           0x0001467c        0x0 Obj/GNU_ARM_DEBUG_TETRA/billpayment.o
 .bss           0x0001467c        0x0 Obj/GNU_ARM_DEBUG_TETRA/cashback.o
 .bss           0x0001467c        0x0 C:/Users/Student8/Desktop/SDK11.16.8.PatchC/SDKTPLUS/HW_TETRA/gnu_473/lib/Platform/libwrapper_tplus.lib(Telium_Fclose.o)
 .bss           0x0001467c        0x0 C:/Users/Student8/Desktop/SDK11.16.8.PatchC/SDKTPLUS/HW_TETRA/gnu_473/lib/Platform/libwrapper_tplus.lib(Telium_Fopen.o)
 .bss           0x0001467c        0x0 C:/Users/Student8/Desktop/SDK11.16.8.PatchC/SDKTPLUS/HW_TETRA/gnu_473/lib/Platform/libwrapper_tplus.lib(Telium_Ttestall.o)
 .bss           0x0001467c        0x0 C:/Users/Student8/Desktop/SDK11.16.8.PatchC/SDKTPLUS/HW_TETRA/gnu_473/lib/Platform/libwrapper_tplus.lib(Telium_Read_date.o)
 .bss           0x0001467c        0x0 C:/Users/Student8/Desktop/SDK11.16.8.PatchC/SDKTPLUS/HW_TETRA/gnu_473/lib/Platform/libwrapper_tplus.lib(Telium_ServiceRegister.o)
 .bss           0x0001467c        0x0 C:/Users/Student8/Desktop/SDK11.16.8.PatchC/SDKTPLUS/HW_TETRA/gnu_473/lib/Platform/libwrapper_tplus.lib(Telium_Pprintf.o)
 .bss           0x0001467c        0x0 C:/Users/Student8/Desktop/SDK11.16.8.PatchC/SDKTPLUS/HW_TETRA/gnu_473/lib/Platform/libwrapper_tplus.lib(Telium_Stdprt.o)
 .bss           0x0001467c        0x0 C:/Users/Student8/Desktop/SDK11.16.8.PatchC/SDKTPLUS/HW_TETRA/gnu_473/lib/Platform/libwrapper_tplus.lib(ApplicationGetCurrent.o)
 .bss           0x0001467c        0x0 C:/Users/Student8/Desktop/SDK11.16.8.PatchC/SDKTPLUS/HW_TETRA/gnu_473/lib/Platform/libwrapper_tplus.lib(FS_close.o)
 .bss           0x0001467c        0x0 C:/Users/Student8/Desktop/SDK11.16.8.PatchC/SDKTPLUS/HW_TETRA/gnu_473/lib/Platform/libwrapper_tplus.lib(FS_length.o)
 .bss           0x0001467c        0x0 C:/Users/Student8/Desktop/SDK11.16.8.PatchC/SDKTPLUS/HW_TETRA/gnu_473/lib/Platform/libwrapper_tplus.lib(FS_mount.o)
 .bss           0x0001467c        0x0 C:/Users/Student8/Desktop/SDK11.16.8.PatchC/SDKTPLUS/HW_TETRA/gnu_473/lib/Platform/libwrapper_tplus.lib(FS_open.o)
 .bss           0x0001467c        0x0 C:/Users/Student8/Desktop/SDK11.16.8.PatchC/SDKTPLUS/HW_TETRA/gnu_473/lib/Platform/libwrapper_tplus.lib(FS_read.o)
 .bss           0x0001467c        0x0 C:/Users/Student8/Desktop/SDK11.16.8.PatchC/SDKTPLUS/HW_TETRA/gnu_473/lib/Platform/libwrapper_tplus.lib(FS_unmount.o)
 .bss           0x0001467c        0x0 C:/Users/Student8/Desktop/SDK11.16.8.PatchC/SDKTPLUS/HW_TETRA/gnu_473/lib/Platform/libwrapper_tplus.lib(ObjectGetInfo.o)
 .bss           0x0001467c        0x0 C:/Users/Student8/Desktop/SDK11.16.8.PatchC/SDKTPLUS/HW_TETRA/gnu_473/lib/Platform/libwrapper_tplus.lib(first_init.o)
 .bss           0x0001467c        0x0 C:/Users/Student8/Desktop/SDK11.16.8.PatchC/SDKTPLUS/HW_TETRA/gnu_473/lib/Platform/libwrapper_tplus.lib(raz_init.o)
 .bss           0x0001467c        0x0 C:/Users/Student8/Desktop/SDK11.16.8.PatchC/SDKTPLUS/HW_TETRA/gnu_473/lib/Platform/libwrapper_tplus.lib(DisplayFooter.o)
 .bss           0x0001467c        0x0 C:/Users/Student8/Desktop/SDK11.16.8.PatchC/SDKTPLUS/HW_TETRA/gnu_473/lib/Platform/libwrapper_tplus.lib(DisplayHeader.o)
 .bss           0x0001467c        0x0 C:/Users/Student8/Desktop/SDK11.16.8.PatchC/SDKTPLUS/HW_TETRA/gnu_473/lib/Platform/libwrapper_tplus.lib(DisplayLeds.o)
 .bss           0x0001467c        0x0 C:/Users/Student8/Desktop/SDK11.16.8.PatchC/SDKTPLUS/HW_TETRA/gnu_473/lib/Platform/libwrapper_tplus.lib(Telium_Exit.o)
 .bss           0x0001467c        0x8 C:/Users/Student8/Desktop/SDK11.16.8.PatchC/SDKTPLUS/HW_TETRA/gnu_473/lib/Platform/libwrapper_tplus.lib(emulationtp1.o)
                0x0001467c                emulation_Dll
                0x00014680                DllGetProcAddressEmul
 .bss           0x00014684        0x8 C:/Users/Student8/Desktop/SDK11.16.8.PatchC/SDKTPLUS/HW_TETRA/gnu_473/lib/Platform/libwrapper_tplus.lib(extenstp1.o)
                0x00014684                extens_Dll
                0x00014688                DllGetProcAddress3
 .bss           0x0001468c        0x0 C:/Users/Student8/Desktop/SDK11.16.8.PatchC/SDKTPLUS/HW_TETRA/gnu_473/lib/Platform/libwrapper_tplus.lib(Telium_Stdperif.o)
 .bss           0x0001468c        0x4 C:/Users/Student8/Desktop/SDK11.16.8.PatchC/SDKTPLUS/HW_TETRA/gnu_473/lib/Platform/libwrapper_tplus.lib(extensttrois9.o)
 .bss           0x00014690        0x8 C:/Users/Student8/Desktop/SDK11.16.8.PatchC/SDKTPLUS/HW_TETRA/gnu_473/lib/Platform/libwrapper_tplus.lib(toolstp1.o)
                0x00014690                DllGetProcAddressTools
                0x00014694                toolsDll
 .bss           0x00014698        0x8 C:/Users/Student8/Desktop/SDK11.16.8.PatchC/SDKTPLUS/HW_TETRA/gnu_473/lib/Platform/libwrapper_tplus.lib(wrappertp1.o)
                0x00014698                wrapper_Dll
                0x0001469c                DllGetProcAddress55
 .bss           0x000146a0        0x0 C:/Users/Student8/Desktop/SDK11.16.8.PatchC/SDKTPLUS/HW_TETRA/gnu_473/lib/Platform\libOSLAYER.a(OSL_Dll_Close.o)
 .bss           0x000146a0        0x0 C:/Users/Student8/Desktop/SDK11.16.8.PatchC/SDKTPLUS/HW_TETRA/gnu_473/lib/Platform\libOSLAYER.a(OSL_Dll_GetSymbolByName.o)
 .bss           0x000146a0        0x0 C:/Users/Student8/Desktop/SDK11.16.8.PatchC/SDKTPLUS/HW_TETRA/gnu_473/lib/Platform\libOSLAYER.a(OSL_Dll_OpenByAppliType.o)
 .bss           0x000146a0        0x0 C:/Users/Student8/Desktop/SDK11.16.8.PatchC/SDKTPLUS/HW_TETRA/gnu_473/lib/Platform\libOSLAYER.a(GCCLink.o)
 .bss           0x000146a0        0x4 C:/Users/Student8/Desktop/SDK11.16.8.PatchC/SDKTPLUS/HW_TETRA/gnu_473/lib/Platform\libOSLAYER.a(OSL_link.o)
 .bss           0x000146a4        0x0 C:/Users/Student8/Desktop/SDK11.16.8.PatchC/SDKTPLUS/HW_TETRA/gnu_473/lib/Platform\libGRAPHICLIB.a(GL_Dialog_Menu.o)
 .bss           0x000146a4        0x0 C:/Users/Student8/Desktop/SDK11.16.8.PatchC/SDKTPLUS/HW_TETRA/gnu_473/lib/Platform\libGRAPHICLIB.a(GL_Dialog_Message.o)
 .bss           0x000146a4        0x4 C:/Users/Student8/Desktop/SDK11.16.8.PatchC/SDKTPLUS/HW_TETRA/gnu_473/lib/Platform\libGRAPHICLIB.a(GL_GraphicLib_Create.o)
 .bss           0x000146a8        0x0 C:/Users/Student8/Desktop/SDK11.16.8.PatchC/SDKTPLUS/HW_TETRA/gnu_473/lib/Platform\libGRAPHICLIB.a(GL_GraphicLib_ReadResource.o)
 .bss           0x000146a8        0x0 C:/Users/Student8/Desktop/SDK11.16.8.PatchC/SDKTPLUS/HW_TETRA/gnu_473/lib/Platform\libGRAPHICLIB.a(GL_Label_Create.o)
 .bss           0x000146a8        0x0 C:/Users/Student8/Desktop/SDK11.16.8.PatchC/SDKTPLUS/HW_TETRA/gnu_473/lib/Platform\libGRAPHICLIB.a(GL_Message_GetWindow.o)
 .bss           0x000146a8        0x0 C:/Users/Student8/Desktop/SDK11.16.8.PatchC/SDKTPLUS/HW_TETRA/gnu_473/lib/Platform\libGRAPHICLIB.a(GL_Message_SetResult.o)
 .bss           0x000146a8        0x0 C:/Users/Student8/Desktop/SDK11.16.8.PatchC/SDKTPLUS/HW_TETRA/gnu_473/lib/Platform\libGRAPHICLIB.a(GL_Widget_Destroy.o)
 .bss           0x000146a8        0x0 C:/Users/Student8/Desktop/SDK11.16.8.PatchC/SDKTPLUS/HW_TETRA/gnu_473/lib/Platform\libGRAPHICLIB.a(GL_Widget_GetText.o)
 .bss           0x000146a8        0x0 C:/Users/Student8/Desktop/SDK11.16.8.PatchC/SDKTPLUS/HW_TETRA/gnu_473/lib/Platform\libGRAPHICLIB.a(GL_Widget_RegisterCallback.o)
 .bss           0x000146a8        0x0 C:/Users/Student8/Desktop/SDK11.16.8.PatchC/SDKTPLUS/HW_TETRA/gnu_473/lib/Platform\libGRAPHICLIB.a(GL_Widget_SearchId.o)
 .bss           0x000146a8        0x0 C:/Users/Student8/Desktop/SDK11.16.8.PatchC/SDKTPLUS/HW_TETRA/gnu_473/lib/Platform\libGRAPHICLIB.a(GL_Widget_SetBackAlign.o)
 .bss           0x000146a8        0x0 C:/Users/Student8/Desktop/SDK11.16.8.PatchC/SDKTPLUS/HW_TETRA/gnu_473/lib/Platform\libGRAPHICLIB.a(GL_Widget_SetFontScale.o)
 .bss           0x000146a8        0x0 C:/Users/Student8/Desktop/SDK11.16.8.PatchC/SDKTPLUS/HW_TETRA/gnu_473/lib/Platform\libGRAPHICLIB.a(GL_Widget_SetText.o)
 .bss           0x000146a8        0x0 C:/Users/Student8/Desktop/SDK11.16.8.PatchC/SDKTPLUS/HW_TETRA/gnu_473/lib/Platform\libGRAPHICLIB.a(GL_Window_Create.o)
 .bss           0x000146a8        0x0 C:/Users/Student8/Desktop/SDK11.16.8.PatchC/SDKTPLUS/HW_TETRA/gnu_473/lib/Platform\libGRAPHICLIB.a(GL_Window_Dispatch.o)
 .bss           0x000146a8        0x0 C:/Users/Student8/Desktop/SDK11.16.8.PatchC/SDKTPLUS/HW_TETRA/gnu_473/lib/Platform\libGRAPHICLIB.a(GL_Window_GetResult.o)
 .bss           0x000146a8        0x0 C:/Users/Student8/Desktop/SDK11.16.8.PatchC/SDKTPLUS/HW_TETRA/gnu_473/lib/Platform\libGRAPHICLIB.a(GL_Window_MainLoop.o)
 .bss           0x000146a8        0x0 C:/Users/Student8/Desktop/SDK11.16.8.PatchC/SDKTPLUS/HW_TETRA/gnu_473/lib/Platform\libGRAPHICLIB.a(GL_Window_PreviousFocus.o)
 .bss           0x000146a8        0x8 C:/Users/Student8/Desktop/SDK11.16.8.PatchC/SDKTPLUS/HW_TETRA/gnu_473/lib/Platform\libGRAPHICLIB.a(GL_link.o)
 .bss           0x000146b0        0x0 C:/Users/Student8/Desktop/SDK11.16.8.PatchC/SDKTPLUS/HW_TETRA/gnu_473/lib/Platform\libGRAPHICLIB.a(gl_asm_link.o)
 .bss           0x000146b0        0x0 C:/Users/Student8/Desktop/POS/IngeDev_8.18.0.5/toolchains/gnuArm47v7a-4/arm-islero-linux-gnueabi/sysroot/usr/lib/libc_nonshared.a(elf-init.oS)
 .bss           0x000146b0        0x0 C:/Users/Student8/Desktop/POS/IngeDev_8.18.0.5/toolchains/gnuArm47v7a-4/arm-islero-linux-gnueabi/sysroot/usr/lib/libc_nonshared.a(stat.oS)
 .bss           0x000146b0        0x0 C:/Users/Student8/Desktop/SDK11.16.8.PatchC/SDKTPLUS/HW_TETRA/gnu_473/lib/Platform\libOSLAYER.a(OSL_Dll_IsPresent.o)
 .bss           0x000146b0        0x0 C:/Users/Student8/Desktop/SDK11.16.8.PatchC/SDKTPLUS/HW_TETRA/gnu_473/lib/Platform\libOSLAYER.a(OSL_Dll_Open.o)
 .bss           0x000146b0        0x0 C:/Users/Student8/Desktop/POS/IngeDev_8.18.0.5/toolchains/gnuArm47v7a-4/lib/gcc/arm-islero-linux-gnueabi/4.7.3/crtend.o
 .bss           0x000146b0        0x0 C:/Users/Student8/Desktop/POS/IngeDev_8.18.0.5/toolchains/gnuArm47v7a-4/arm-islero-linux-gnueabi/sysroot/usr/lib/crtn.o
 .bss           0x000146b0        0x0 C:/Users/Student8/Desktop/SDK11.16.8.PatchC/SDKTPLUS/HW_TETRA/gnu_473/startfiles/stapp_legacyexitpoint.o
 *(COMMON)
 COMMON         0x000146b0        0xc Obj/GNU_ARM_DEBUG_TETRA/Menu.o
                0x000146b0                sSavedStatusHeader
                0x000146b4                sSavedStatusLeds
                0x000146b8                sSavedStatusFooter
                0x000146bc                . = ALIGN ((. != 0x0)?0x4:0x1)
                0x000146bc                _bss_end__ = .
                0x000146bc                __bss_end__ = .
                0x000146bc                . = ALIGN (0x4)
                0x000146bc                . = ALIGN (0x4)
                0x000146bc                __end__ = .
                0x000146bc                _end = .
                0x000146bc                PROVIDE (end, .)
                0x000146bc                . = DATA_SEGMENT_END (.)

.stab
 *(.stab)

.stabstr
 *(.stabstr)

.stab.excl
 *(.stab.excl)

.stab.exclstr
 *(.stab.exclstr)

.stab.index
 *(.stab.index)

.stab.indexstr
 *(.stab.indexstr)

.comment        0x00000000       0x86
 *(.comment)
 .comment       0x00000000       0x37 C:/Users/Student8/Desktop/POS/IngeDev_8.18.0.5/toolchains/gnuArm47v7a-4/arm-islero-linux-gnueabi/sysroot/usr/lib/crti.o
                                 0x38 (size before relaxing)
 .comment       0x00000000       0x38 C:/Users/Student8/Desktop/POS/IngeDev_8.18.0.5/toolchains/gnuArm47v7a-4/arm-islero-linux-gnueabi/sysroot/usr/lib/crt1.o
 .comment       0x00000000       0x38 C:/Users/Student8/Desktop/POS/IngeDev_8.18.0.5/toolchains/gnuArm47v7a-4/lib/gcc/arm-islero-linux-gnueabi/4.7.3/crtbegin.o
 .comment       0x00000037       0x4f C:/Users/Student8/Desktop/SDK11.16.8.PatchC/SDKTPLUS/HW_TETRA/gnu_473/startfiles/startup_tplusentry.o
                                 0x50 (size before relaxing)
 .comment       0x00000000       0x38 Obj/GNU_ARM_DEBUG_TETRA/Main.o
 .comment       0x00000000       0x38 Obj/GNU_ARM_DEBUG_TETRA/Entry.o
 .comment       0x00000000       0x38 Obj/GNU_ARM_DEBUG_TETRA/Menu.o
 .comment       0x00000000       0x38 Obj/GNU_ARM_DEBUG_TETRA/DateScreen.o
 .comment       0x00000000       0x38 Obj/GNU_ARM_DEBUG_TETRA/Utils.o
 .comment       0x00000000       0x38 Obj/GNU_ARM_DEBUG_TETRA/MenuProcessor.o
 .comment       0x00000000       0x38 Obj/GNU_ARM_DEBUG_TETRA/Sales.o
 .comment       0x00000000       0x38 Obj/GNU_ARM_DEBUG_TETRA/billpayment.o
 .comment       0x00000000       0x38 Obj/GNU_ARM_DEBUG_TETRA/cashback.o
 .comment       0x00000000       0x38 C:/Users/Student8/Desktop/SDK11.16.8.PatchC/SDKTPLUS/HW_TETRA/gnu_473/lib/Platform/libwrapper_tplus.lib(Telium_Pprintf.o)
 .comment       0x00000000       0x38 C:/Users/Student8/Desktop/SDK11.16.8.PatchC/SDKTPLUS/HW_TETRA/gnu_473/lib/Platform/libwrapper_tplus.lib(emulationtp1.o)
 .comment       0x00000000       0x38 C:/Users/Student8/Desktop/SDK11.16.8.PatchC/SDKTPLUS/HW_TETRA/gnu_473/lib/Platform/libwrapper_tplus.lib(extenstp1.o)
 .comment       0x00000000       0x38 C:/Users/Student8/Desktop/SDK11.16.8.PatchC/SDKTPLUS/HW_TETRA/gnu_473/lib/Platform/libwrapper_tplus.lib(extensttrois9.o)
 .comment       0x00000000       0x38 C:/Users/Student8/Desktop/SDK11.16.8.PatchC/SDKTPLUS/HW_TETRA/gnu_473/lib/Platform/libwrapper_tplus.lib(toolstp1.o)
 .comment       0x00000000       0x38 C:/Users/Student8/Desktop/SDK11.16.8.PatchC/SDKTPLUS/HW_TETRA/gnu_473/lib/Platform/libwrapper_tplus.lib(wrappertp1.o)
 .comment       0x00000000       0x38 C:/Users/Student8/Desktop/SDK11.16.8.PatchC/SDKTPLUS/HW_TETRA/gnu_473/lib/Platform\libOSLAYER.a(OSL_link.o)
 .comment       0x00000000       0x38 C:/Users/Student8/Desktop/SDK11.16.8.PatchC/SDKTPLUS/HW_TETRA/gnu_473/lib/Platform\libGRAPHICLIB.a(GL_GraphicLib_Create.o)
 .comment       0x00000000       0x38 C:/Users/Student8/Desktop/SDK11.16.8.PatchC/SDKTPLUS/HW_TETRA/gnu_473/lib/Platform\libGRAPHICLIB.a(GL_link.o)
 .comment       0x00000000       0x38 C:/Users/Student8/Desktop/POS/IngeDev_8.18.0.5/toolchains/gnuArm47v7a-4/arm-islero-linux-gnueabi/sysroot/usr/lib/libc_nonshared.a(elf-init.oS)
 .comment       0x00000000       0x38 C:/Users/Student8/Desktop/POS/IngeDev_8.18.0.5/toolchains/gnuArm47v7a-4/arm-islero-linux-gnueabi/sysroot/usr/lib/libc_nonshared.a(stat.oS)
 .comment       0x00000000       0x38 C:/Users/Student8/Desktop/POS/IngeDev_8.18.0.5/toolchains/gnuArm47v7a-4/lib/gcc/arm-islero-linux-gnueabi/4.7.3/crtend.o
 .comment       0x00000000       0x38 C:/Users/Student8/Desktop/POS/IngeDev_8.18.0.5/toolchains/gnuArm47v7a-4/arm-islero-linux-gnueabi/sysroot/usr/lib/crtn.o
 .comment       0x00000000       0x50 C:/Users/Student8/Desktop/SDK11.16.8.PatchC/SDKTPLUS/HW_TETRA/gnu_473/startfiles/stapp_legacyexitpoint.o

.ARM.attributes
                0x00000000       0x41
 .ARM.attributes
                0x00000000       0x43 C:/Users/Student8/Desktop/POS/IngeDev_8.18.0.5/toolchains/gnuArm47v7a-4/arm-islero-linux-gnueabi/sysroot/usr/lib/crti.o
 .ARM.attributes
                0x00000043       0x3d C:/Users/Student8/Desktop/POS/IngeDev_8.18.0.5/toolchains/gnuArm47v7a-4/arm-islero-linux-gnueabi/sysroot/usr/lib/crt1.o
 .ARM.attributes
                0x00000080       0x43 C:/Users/Student8/Desktop/POS/IngeDev_8.18.0.5/toolchains/gnuArm47v7a-4/lib/gcc/arm-islero-linux-gnueabi/4.7.3/crtbegin.o
 .ARM.attributes
                0x000000c3       0x3d C:/Users/Student8/Desktop/SDK11.16.8.PatchC/SDKTPLUS/HW_TETRA/gnu_473/startfiles/startup_tplusentry.o
 .ARM.attributes
                0x00000100       0x39 Obj/GNU_ARM_DEBUG_TETRA/Main.o
 .ARM.attributes
                0x00000139       0x39 Obj/GNU_ARM_DEBUG_TETRA/Entry.o
 .ARM.attributes
                0x00000172       0x39 Obj/GNU_ARM_DEBUG_TETRA/Menu.o
 .ARM.attributes
                0x000001ab       0x39 Obj/GNU_ARM_DEBUG_TETRA/DateScreen.o
 .ARM.attributes
                0x000001e4       0x39 Obj/GNU_ARM_DEBUG_TETRA/Utils.o
 .ARM.attributes
                0x0000021d       0x39 Obj/GNU_ARM_DEBUG_TETRA/MenuProcessor.o
 .ARM.attributes
                0x00000256       0x39 Obj/GNU_ARM_DEBUG_TETRA/Sales.o
 .ARM.attributes
                0x0000028f       0x39 Obj/GNU_ARM_DEBUG_TETRA/billpayment.o
 .ARM.attributes
                0x000002c8       0x39 Obj/GNU_ARM_DEBUG_TETRA/cashback.o
 .ARM.attributes
                0x00000301       0x23 C:/Users/Student8/Desktop/SDK11.16.8.PatchC/SDKTPLUS/HW_TETRA/gnu_473/lib/Platform/libwrapper_tplus.lib(Telium_Fclose.o)
 .ARM.attributes
                0x00000324       0x23 C:/Users/Student8/Desktop/SDK11.16.8.PatchC/SDKTPLUS/HW_TETRA/gnu_473/lib/Platform/libwrapper_tplus.lib(Telium_Fopen.o)
 .ARM.attributes
                0x00000347       0x23 C:/Users/Student8/Desktop/SDK11.16.8.PatchC/SDKTPLUS/HW_TETRA/gnu_473/lib/Platform/libwrapper_tplus.lib(Telium_Ttestall.o)
 .ARM.attributes
                0x0000036a       0x23 C:/Users/Student8/Desktop/SDK11.16.8.PatchC/SDKTPLUS/HW_TETRA/gnu_473/lib/Platform/libwrapper_tplus.lib(Telium_Read_date.o)
 .ARM.attributes
                0x0000038d       0x23 C:/Users/Student8/Desktop/SDK11.16.8.PatchC/SDKTPLUS/HW_TETRA/gnu_473/lib/Platform/libwrapper_tplus.lib(Telium_ServiceRegister.o)
 .ARM.attributes
                0x000003b0       0x39 C:/Users/Student8/Desktop/SDK11.16.8.PatchC/SDKTPLUS/HW_TETRA/gnu_473/lib/Platform/libwrapper_tplus.lib(Telium_Pprintf.o)
 .ARM.attributes
                0x000003e9       0x23 C:/Users/Student8/Desktop/SDK11.16.8.PatchC/SDKTPLUS/HW_TETRA/gnu_473/lib/Platform/libwrapper_tplus.lib(Telium_Stdprt.o)
 .ARM.attributes
                0x0000040c       0x23 C:/Users/Student8/Desktop/SDK11.16.8.PatchC/SDKTPLUS/HW_TETRA/gnu_473/lib/Platform/libwrapper_tplus.lib(ApplicationGetCurrent.o)
 .ARM.attributes
                0x0000042f       0x23 C:/Users/Student8/Desktop/SDK11.16.8.PatchC/SDKTPLUS/HW_TETRA/gnu_473/lib/Platform/libwrapper_tplus.lib(FS_close.o)
 .ARM.attributes
                0x00000452       0x23 C:/Users/Student8/Desktop/SDK11.16.8.PatchC/SDKTPLUS/HW_TETRA/gnu_473/lib/Platform/libwrapper_tplus.lib(FS_length.o)
 .ARM.attributes
                0x00000475       0x23 C:/Users/Student8/Desktop/SDK11.16.8.PatchC/SDKTPLUS/HW_TETRA/gnu_473/lib/Platform/libwrapper_tplus.lib(FS_mount.o)
 .ARM.attributes
                0x00000498       0x23 C:/Users/Student8/Desktop/SDK11.16.8.PatchC/SDKTPLUS/HW_TETRA/gnu_473/lib/Platform/libwrapper_tplus.lib(FS_open.o)
 .ARM.attributes
                0x000004bb       0x23 C:/Users/Student8/Desktop/SDK11.16.8.PatchC/SDKTPLUS/HW_TETRA/gnu_473/lib/Platform/libwrapper_tplus.lib(FS_read.o)
 .ARM.attributes
                0x000004de       0x23 C:/Users/Student8/Desktop/SDK11.16.8.PatchC/SDKTPLUS/HW_TETRA/gnu_473/lib/Platform/libwrapper_tplus.lib(FS_unmount.o)
 .ARM.attributes
                0x00000501       0x23 C:/Users/Student8/Desktop/SDK11.16.8.PatchC/SDKTPLUS/HW_TETRA/gnu_473/lib/Platform/libwrapper_tplus.lib(ObjectGetInfo.o)
 .ARM.attributes
                0x00000524       0x23 C:/Users/Student8/Desktop/SDK11.16.8.PatchC/SDKTPLUS/HW_TETRA/gnu_473/lib/Platform/libwrapper_tplus.lib(first_init.o)
 .ARM.attributes
                0x00000547       0x23 C:/Users/Student8/Desktop/SDK11.16.8.PatchC/SDKTPLUS/HW_TETRA/gnu_473/lib/Platform/libwrapper_tplus.lib(raz_init.o)
 .ARM.attributes
                0x0000056a       0x23 C:/Users/Student8/Desktop/SDK11.16.8.PatchC/SDKTPLUS/HW_TETRA/gnu_473/lib/Platform/libwrapper_tplus.lib(DisplayFooter.o)
 .ARM.attributes
                0x0000058d       0x23 C:/Users/Student8/Desktop/SDK11.16.8.PatchC/SDKTPLUS/HW_TETRA/gnu_473/lib/Platform/libwrapper_tplus.lib(DisplayHeader.o)
 .ARM.attributes
                0x000005b0       0x23 C:/Users/Student8/Desktop/SDK11.16.8.PatchC/SDKTPLUS/HW_TETRA/gnu_473/lib/Platform/libwrapper_tplus.lib(DisplayLeds.o)
 .ARM.attributes
                0x000005d3       0x23 C:/Users/Student8/Desktop/SDK11.16.8.PatchC/SDKTPLUS/HW_TETRA/gnu_473/lib/Platform/libwrapper_tplus.lib(Telium_Exit.o)
 .ARM.attributes
                0x000005f6       0x39 C:/Users/Student8/Desktop/SDK11.16.8.PatchC/SDKTPLUS/HW_TETRA/gnu_473/lib/Platform/libwrapper_tplus.lib(emulationtp1.o)
 .ARM.attributes
                0x0000062f       0x39 C:/Users/Student8/Desktop/SDK11.16.8.PatchC/SDKTPLUS/HW_TETRA/gnu_473/lib/Platform/libwrapper_tplus.lib(extenstp1.o)
 .ARM.attributes
                0x00000668       0x23 C:/Users/Student8/Desktop/SDK11.16.8.PatchC/SDKTPLUS/HW_TETRA/gnu_473/lib/Platform/libwrapper_tplus.lib(Telium_Stdperif.o)
 .ARM.attributes
                0x0000068b       0x39 C:/Users/Student8/Desktop/SDK11.16.8.PatchC/SDKTPLUS/HW_TETRA/gnu_473/lib/Platform/libwrapper_tplus.lib(extensttrois9.o)
 .ARM.attributes
                0x000006c4       0x39 C:/Users/Student8/Desktop/SDK11.16.8.PatchC/SDKTPLUS/HW_TETRA/gnu_473/lib/Platform/libwrapper_tplus.lib(toolstp1.o)
 .ARM.attributes
                0x000006fd       0x39 C:/Users/Student8/Desktop/SDK11.16.8.PatchC/SDKTPLUS/HW_TETRA/gnu_473/lib/Platform/libwrapper_tplus.lib(wrappertp1.o)
 .ARM.attributes
                0x00000736       0x29 C:/Users/Student8/Desktop/SDK11.16.8.PatchC/SDKTPLUS/HW_TETRA/gnu_473/lib/Platform\libOSLAYER.a(OSL_Dll_Close.o)
 .ARM.attributes
                0x0000075f       0x29 C:/Users/Student8/Desktop/SDK11.16.8.PatchC/SDKTPLUS/HW_TETRA/gnu_473/lib/Platform\libOSLAYER.a(OSL_Dll_GetSymbolByName.o)
 .ARM.attributes
                0x00000788       0x29 C:/Users/Student8/Desktop/SDK11.16.8.PatchC/SDKTPLUS/HW_TETRA/gnu_473/lib/Platform\libOSLAYER.a(OSL_Dll_OpenByAppliType.o)
 .ARM.attributes
                0x000007b1       0x29 C:/Users/Student8/Desktop/SDK11.16.8.PatchC/SDKTPLUS/HW_TETRA/gnu_473/lib/Platform\libOSLAYER.a(GCCLink.o)
 .ARM.attributes
                0x000007da       0x43 C:/Users/Student8/Desktop/SDK11.16.8.PatchC/SDKTPLUS/HW_TETRA/gnu_473/lib/Platform\libOSLAYER.a(OSL_link.o)
 .ARM.attributes
                0x0000081d       0x29 C:/Users/Student8/Desktop/SDK11.16.8.PatchC/SDKTPLUS/HW_TETRA/gnu_473/lib/Platform\libGRAPHICLIB.a(GL_Dialog_Menu.o)
 .ARM.attributes
                0x00000846       0x29 C:/Users/Student8/Desktop/SDK11.16.8.PatchC/SDKTPLUS/HW_TETRA/gnu_473/lib/Platform\libGRAPHICLIB.a(GL_Dialog_Message.o)
 .ARM.attributes
                0x0000086f       0x43 C:/Users/Student8/Desktop/SDK11.16.8.PatchC/SDKTPLUS/HW_TETRA/gnu_473/lib/Platform\libGRAPHICLIB.a(GL_GraphicLib_Create.o)
 .ARM.attributes
                0x000008b2       0x29 C:/Users/Student8/Desktop/SDK11.16.8.PatchC/SDKTPLUS/HW_TETRA/gnu_473/lib/Platform\libGRAPHICLIB.a(GL_GraphicLib_ReadResource.o)
 .ARM.attributes
                0x000008db       0x29 C:/Users/Student8/Desktop/SDK11.16.8.PatchC/SDKTPLUS/HW_TETRA/gnu_473/lib/Platform\libGRAPHICLIB.a(GL_Label_Create.o)
 .ARM.attributes
                0x00000904       0x29 C:/Users/Student8/Desktop/SDK11.16.8.PatchC/SDKTPLUS/HW_TETRA/gnu_473/lib/Platform\libGRAPHICLIB.a(GL_Message_GetWindow.o)
 .ARM.attributes
                0x0000092d       0x29 C:/Users/Student8/Desktop/SDK11.16.8.PatchC/SDKTPLUS/HW_TETRA/gnu_473/lib/Platform\libGRAPHICLIB.a(GL_Message_SetResult.o)
 .ARM.attributes
                0x00000956       0x29 C:/Users/Student8/Desktop/SDK11.16.8.PatchC/SDKTPLUS/HW_TETRA/gnu_473/lib/Platform\libGRAPHICLIB.a(GL_Widget_Destroy.o)
 .ARM.attributes
                0x0000097f       0x29 C:/Users/Student8/Desktop/SDK11.16.8.PatchC/SDKTPLUS/HW_TETRA/gnu_473/lib/Platform\libGRAPHICLIB.a(GL_Widget_GetText.o)
 .ARM.attributes
                0x000009a8       0x29 C:/Users/Student8/Desktop/SDK11.16.8.PatchC/SDKTPLUS/HW_TETRA/gnu_473/lib/Platform\libGRAPHICLIB.a(GL_Widget_RegisterCallback.o)
 .ARM.attributes
                0x000009d1       0x29 C:/Users/Student8/Desktop/SDK11.16.8.PatchC/SDKTPLUS/HW_TETRA/gnu_473/lib/Platform\libGRAPHICLIB.a(GL_Widget_SearchId.o)
 .ARM.attributes
                0x000009fa       0x29 C:/Users/Student8/Desktop/SDK11.16.8.PatchC/SDKTPLUS/HW_TETRA/gnu_473/lib/Platform\libGRAPHICLIB.a(GL_Widget_SetBackAlign.o)
 .ARM.attributes
                0x00000a23       0x29 C:/Users/Student8/Desktop/SDK11.16.8.PatchC/SDKTPLUS/HW_TETRA/gnu_473/lib/Platform\libGRAPHICLIB.a(GL_Widget_SetFontScale.o)
 .ARM.attributes
                0x00000a4c       0x29 C:/Users/Student8/Desktop/SDK11.16.8.PatchC/SDKTPLUS/HW_TETRA/gnu_473/lib/Platform\libGRAPHICLIB.a(GL_Widget_SetText.o)
 .ARM.attributes
                0x00000a75       0x29 C:/Users/Student8/Desktop/SDK11.16.8.PatchC/SDKTPLUS/HW_TETRA/gnu_473/lib/Platform\libGRAPHICLIB.a(GL_Window_Create.o)
 .ARM.attributes
                0x00000a9e       0x29 C:/Users/Student8/Desktop/SDK11.16.8.PatchC/SDKTPLUS/HW_TETRA/gnu_473/lib/Platform\libGRAPHICLIB.a(GL_Window_Dispatch.o)
 .ARM.attributes
                0x00000ac7       0x29 C:/Users/Student8/Desktop/SDK11.16.8.PatchC/SDKTPLUS/HW_TETRA/gnu_473/lib/Platform\libGRAPHICLIB.a(GL_Window_GetResult.o)
 .ARM.attributes
                0x00000af0       0x29 C:/Users/Student8/Desktop/SDK11.16.8.PatchC/SDKTPLUS/HW_TETRA/gnu_473/lib/Platform\libGRAPHICLIB.a(GL_Window_MainLoop.o)
 .ARM.attributes
                0x00000b19       0x29 C:/Users/Student8/Desktop/SDK11.16.8.PatchC/SDKTPLUS/HW_TETRA/gnu_473/lib/Platform\libGRAPHICLIB.a(GL_Window_PreviousFocus.o)
 .ARM.attributes
                0x00000b42       0x43 C:/Users/Student8/Desktop/SDK11.16.8.PatchC/SDKTPLUS/HW_TETRA/gnu_473/lib/Platform\libGRAPHICLIB.a(GL_link.o)
 .ARM.attributes
                0x00000b85       0x29 C:/Users/Student8/Desktop/SDK11.16.8.PatchC/SDKTPLUS/HW_TETRA/gnu_473/lib/Platform\libGRAPHICLIB.a(gl_asm_link.o)
 .ARM.attributes
                0x00000bae       0x43 C:/Users/Student8/Desktop/POS/IngeDev_8.18.0.5/toolchains/gnuArm47v7a-4/arm-islero-linux-gnueabi/sysroot/usr/lib/libc_nonshared.a(elf-init.oS)
 .ARM.attributes
                0x00000bf1       0x43 C:/Users/Student8/Desktop/POS/IngeDev_8.18.0.5/toolchains/gnuArm47v7a-4/arm-islero-linux-gnueabi/sysroot/usr/lib/libc_nonshared.a(stat.oS)
 .ARM.attributes
                0x00000c34       0x29 C:/Users/Student8/Desktop/SDK11.16.8.PatchC/SDKTPLUS/HW_TETRA/gnu_473/lib/Platform\libOSLAYER.a(OSL_Dll_IsPresent.o)
 .ARM.attributes
                0x00000c5d       0x29 C:/Users/Student8/Desktop/SDK11.16.8.PatchC/SDKTPLUS/HW_TETRA/gnu_473/lib/Platform\libOSLAYER.a(OSL_Dll_Open.o)
 .ARM.attributes
                0x00000c86       0x43 C:/Users/Student8/Desktop/POS/IngeDev_8.18.0.5/toolchains/gnuArm47v7a-4/lib/gcc/arm-islero-linux-gnueabi/4.7.3/crtend.o
 .ARM.attributes
                0x00000cc9       0x43 C:/Users/Student8/Desktop/POS/IngeDev_8.18.0.5/toolchains/gnuArm47v7a-4/arm-islero-linux-gnueabi/sysroot/usr/lib/crtn.o
 .ARM.attributes
                0x00000d0c       0x3d C:/Users/Student8/Desktop/SDK11.16.8.PatchC/SDKTPLUS/HW_TETRA/gnu_473/startfiles/stapp_legacyexitpoint.o

.debug
 *(.debug)

.line
 *(.line)

.debug_srcinfo
 *(.debug_srcinfo)

.debug_sfnames
 *(.debug_sfnames)

.debug_aranges  0x00000000      0x120
 *(.debug_aranges)
 .debug_aranges
                0x00000000       0x20 Obj/GNU_ARM_DEBUG_TETRA/Main.o
 .debug_aranges
                0x00000020       0x20 Obj/GNU_ARM_DEBUG_TETRA/Entry.o
 .debug_aranges
                0x00000040       0x20 Obj/GNU_ARM_DEBUG_TETRA/Menu.o
 .debug_aranges
                0x00000060       0x20 Obj/GNU_ARM_DEBUG_TETRA/DateScreen.o
 .debug_aranges
                0x00000080       0x20 Obj/GNU_ARM_DEBUG_TETRA/Utils.o
 .debug_aranges
                0x000000a0       0x20 Obj/GNU_ARM_DEBUG_TETRA/MenuProcessor.o
 .debug_aranges
                0x000000c0       0x20 Obj/GNU_ARM_DEBUG_TETRA/Sales.o
 .debug_aranges
                0x000000e0       0x20 Obj/GNU_ARM_DEBUG_TETRA/billpayment.o
 .debug_aranges
                0x00000100       0x20 Obj/GNU_ARM_DEBUG_TETRA/cashback.o

.debug_pubnames
 *(.debug_pubnames)

.debug_info     0x00000000     0x4aa6
 *(.debug_info .gnu.linkonce.wi.*)
 .debug_info    0x00000000     0x272f Obj/GNU_ARM_DEBUG_TETRA/Main.o
 .debug_info    0x0000272f     0x1938 Obj/GNU_ARM_DEBUG_TETRA/Entry.o
 .debug_info    0x00004067      0x217 Obj/GNU_ARM_DEBUG_TETRA/Menu.o
 .debug_info    0x0000427e      0x4c4 Obj/GNU_ARM_DEBUG_TETRA/DateScreen.o
 .debug_info    0x00004742       0xac Obj/GNU_ARM_DEBUG_TETRA/Utils.o
 .debug_info    0x000047ee       0xc9 Obj/GNU_ARM_DEBUG_TETRA/MenuProcessor.o
 .debug_info    0x000048b7       0xa5 Obj/GNU_ARM_DEBUG_TETRA/Sales.o
 .debug_info    0x0000495c       0xa5 Obj/GNU_ARM_DEBUG_TETRA/billpayment.o
 .debug_info    0x00004a01       0xa5 Obj/GNU_ARM_DEBUG_TETRA/cashback.o

.debug_abbrev   0x00000000      0x750
 *(.debug_abbrev)
 .debug_abbrev  0x00000000      0x14b Obj/GNU_ARM_DEBUG_TETRA/Main.o
 .debug_abbrev  0x0000014b      0x228 Obj/GNU_ARM_DEBUG_TETRA/Entry.o
 .debug_abbrev  0x00000373       0xf9 Obj/GNU_ARM_DEBUG_TETRA/Menu.o
 .debug_abbrev  0x0000046c      0x131 Obj/GNU_ARM_DEBUG_TETRA/DateScreen.o
 .debug_abbrev  0x0000059d       0x9a Obj/GNU_ARM_DEBUG_TETRA/Utils.o
 .debug_abbrev  0x00000637       0x53 Obj/GNU_ARM_DEBUG_TETRA/MenuProcessor.o
 .debug_abbrev  0x0000068a       0x42 Obj/GNU_ARM_DEBUG_TETRA/Sales.o
 .debug_abbrev  0x000006cc       0x42 Obj/GNU_ARM_DEBUG_TETRA/billpayment.o
 .debug_abbrev  0x0000070e       0x42 Obj/GNU_ARM_DEBUG_TETRA/cashback.o

.debug_line     0x00000000      0xa06
 *(.debug_line)
 .debug_line    0x00000000      0x171 Obj/GNU_ARM_DEBUG_TETRA/Main.o
 .debug_line    0x00000171      0x3bc Obj/GNU_ARM_DEBUG_TETRA/Entry.o
 .debug_line    0x0000052d      0x1c8 Obj/GNU_ARM_DEBUG_TETRA/Menu.o
 .debug_line    0x000006f5      0x178 Obj/GNU_ARM_DEBUG_TETRA/DateScreen.o
 .debug_line    0x0000086d       0x7e Obj/GNU_ARM_DEBUG_TETRA/Utils.o
 .debug_line    0x000008eb       0x61 Obj/GNU_ARM_DEBUG_TETRA/MenuProcessor.o
 .debug_line    0x0000094c       0x3b Obj/GNU_ARM_DEBUG_TETRA/Sales.o
 .debug_line    0x00000987       0x41 Obj/GNU_ARM_DEBUG_TETRA/billpayment.o
 .debug_line    0x000009c8       0x3e Obj/GNU_ARM_DEBUG_TETRA/cashback.o

.debug_frame    0x00000000      0x55c
 *(.debug_frame)
 .debug_frame   0x00000000       0x30 Obj/GNU_ARM_DEBUG_TETRA/Main.o
 .debug_frame   0x00000030      0x334 Obj/GNU_ARM_DEBUG_TETRA/Entry.o
 .debug_frame   0x00000364       0x74 Obj/GNU_ARM_DEBUG_TETRA/Menu.o
 .debug_frame   0x000003d8       0x94 Obj/GNU_ARM_DEBUG_TETRA/DateScreen.o
 .debug_frame   0x0000046c       0x30 Obj/GNU_ARM_DEBUG_TETRA/Utils.o
 .debug_frame   0x0000049c       0x30 Obj/GNU_ARM_DEBUG_TETRA/MenuProcessor.o
 .debug_frame   0x000004cc       0x30 Obj/GNU_ARM_DEBUG_TETRA/Sales.o
 .debug_frame   0x000004fc       0x30 Obj/GNU_ARM_DEBUG_TETRA/billpayment.o
 .debug_frame   0x0000052c       0x30 Obj/GNU_ARM_DEBUG_TETRA/cashback.o

.debug_str      0x00000000     0x1c69
 *(.debug_str)
 .debug_str     0x00000000     0x1037 Obj/GNU_ARM_DEBUG_TETRA/Main.o
                               0x1467 (size before relaxing)
 .debug_str     0x00001037      0x665 Obj/GNU_ARM_DEBUG_TETRA/Entry.o
                                0xd73 (size before relaxing)
 .debug_str     0x0000169c       0xb7 Obj/GNU_ARM_DEBUG_TETRA/Menu.o
                                0x2c8 (size before relaxing)
 .debug_str     0x00001753      0x47c Obj/GNU_ARM_DEBUG_TETRA/DateScreen.o
                                0x703 (size before relaxing)
 .debug_str     0x00001bcf       0x29 Obj/GNU_ARM_DEBUG_TETRA/Utils.o
                                 0x87 (size before relaxing)
 .debug_str     0x00001bf8       0x1c Obj/GNU_ARM_DEBUG_TETRA/MenuProcessor.o
                                0x10a (size before relaxing)
 .debug_str     0x00001c14       0x16 Obj/GNU_ARM_DEBUG_TETRA/Sales.o
                                 0xfd (size before relaxing)
 .debug_str     0x00001c2a       0x1e Obj/GNU_ARM_DEBUG_TETRA/billpayment.o
                                0x105 (size before relaxing)
 .debug_str     0x00001c48       0x21 Obj/GNU_ARM_DEBUG_TETRA/cashback.o
                                0x108 (size before relaxing)

.debug_loc      0x00000000      0x85f
 *(.debug_loc)
 .debug_loc     0x00000000       0x38 Obj/GNU_ARM_DEBUG_TETRA/Main.o
 .debug_loc     0x00000038      0x584 Obj/GNU_ARM_DEBUG_TETRA/Entry.o
 .debug_loc     0x000005bc       0xa9 Obj/GNU_ARM_DEBUG_TETRA/Menu.o
 .debug_loc     0x00000665       0xe2 Obj/GNU_ARM_DEBUG_TETRA/DateScreen.o
 .debug_loc     0x00000747       0x38 Obj/GNU_ARM_DEBUG_TETRA/Utils.o
 .debug_loc     0x0000077f       0x38 Obj/GNU_ARM_DEBUG_TETRA/MenuProcessor.o
 .debug_loc     0x000007b7       0x38 Obj/GNU_ARM_DEBUG_TETRA/Sales.o
 .debug_loc     0x000007ef       0x38 Obj/GNU_ARM_DEBUG_TETRA/billpayment.o
 .debug_loc     0x00000827       0x38 Obj/GNU_ARM_DEBUG_TETRA/cashback.o

.debug_macinfo
 *(.debug_macinfo)

.debug_weaknames
 *(.debug_weaknames)

.debug_funcnames
 *(.debug_funcnames)

.debug_typenames
 *(.debug_typenames)

.debug_varnames
 *(.debug_varnames)

.debug_pubtypes
 *(.debug_pubtypes)

.debug_ranges
 *(.debug_ranges)

.gnu.attributes
 *(.gnu.attributes)

.note.gnu.arm.ident
 *(.note.gnu.arm.ident)

/DISCARD/
 *(.note.GNU-stack)
 *(.gnu_debuglink)
 *(.gnu.lto_*)
OUTPUT(Obj/GNU_ARM_DEBUG_TETRA/MENU.axf elf32-littlearm)
